###############################################################################
#
# IAR ELF Linker V8.40.2.214/W32 for ARM                  11/Jan/2020  22:41:16
# Copyright 2007-2019 IAR Systems AB.
#
#    Output file  =
#        C:\IKS0LAB_SensorHub-modified\IKS0LAB_SensorHub\EWARM\IKS0LAB_SensorHub\Exe\IKS0LAB_SensorHub.out
#    Map file     =
#        C:\IKS0LAB_SensorHub-modified\IKS0LAB_SensorHub\EWARM\IKS0LAB_SensorHub\List\IKS0LAB_SensorHub.map
#    Command line =
#        -f C:\Users\pacalkla\AppData\Local\Temp\EWAC08.tmp
#        (C:\IKS0LAB_SensorHub-modified\IKS0LAB_SensorHub\EWARM\IKS0LAB_SensorHub\Obj\com.o
#        C:\IKS0LAB_SensorHub-modified\IKS0LAB_SensorHub\EWARM\IKS0LAB_SensorHub\Obj\gpio.o
#        C:\IKS0LAB_SensorHub-modified\IKS0LAB_SensorHub\EWARM\IKS0LAB_SensorHub\Obj\i2c.o
#        C:\IKS0LAB_SensorHub-modified\IKS0LAB_SensorHub\EWARM\IKS0LAB_SensorHub\Obj\lps22hh.o
#        C:\IKS0LAB_SensorHub-modified\IKS0LAB_SensorHub\EWARM\IKS0LAB_SensorHub\Obj\lps22hh_reg.o
#        C:\IKS0LAB_SensorHub-modified\IKS0LAB_SensorHub\EWARM\IKS0LAB_SensorHub\Obj\lsm6dsox.o
#        C:\IKS0LAB_SensorHub-modified\IKS0LAB_SensorHub\EWARM\IKS0LAB_SensorHub\Obj\lsm6dsox_reg.o
#        C:\IKS0LAB_SensorHub-modified\IKS0LAB_SensorHub\EWARM\IKS0LAB_SensorHub\Obj\main.o
#        C:\IKS0LAB_SensorHub-modified\IKS0LAB_SensorHub\EWARM\IKS0LAB_SensorHub\Obj\startup_stm32f401xe.o
#        C:\IKS0LAB_SensorHub-modified\IKS0LAB_SensorHub\EWARM\IKS0LAB_SensorHub\Obj\stm32f4xx_hal.o
#        C:\IKS0LAB_SensorHub-modified\IKS0LAB_SensorHub\EWARM\IKS0LAB_SensorHub\Obj\stm32f4xx_hal_cortex.o
#        C:\IKS0LAB_SensorHub-modified\IKS0LAB_SensorHub\EWARM\IKS0LAB_SensorHub\Obj\stm32f4xx_hal_dma.o
#        C:\IKS0LAB_SensorHub-modified\IKS0LAB_SensorHub\EWARM\IKS0LAB_SensorHub\Obj\stm32f4xx_hal_dma_ex.o
#        C:\IKS0LAB_SensorHub-modified\IKS0LAB_SensorHub\EWARM\IKS0LAB_SensorHub\Obj\stm32f4xx_hal_exti.o
#        C:\IKS0LAB_SensorHub-modified\IKS0LAB_SensorHub\EWARM\IKS0LAB_SensorHub\Obj\stm32f4xx_hal_flash.o
#        C:\IKS0LAB_SensorHub-modified\IKS0LAB_SensorHub\EWARM\IKS0LAB_SensorHub\Obj\stm32f4xx_hal_flash_ex.o
#        C:\IKS0LAB_SensorHub-modified\IKS0LAB_SensorHub\EWARM\IKS0LAB_SensorHub\Obj\stm32f4xx_hal_flash_ramfunc.o
#        C:\IKS0LAB_SensorHub-modified\IKS0LAB_SensorHub\EWARM\IKS0LAB_SensorHub\Obj\stm32f4xx_hal_gpio.o
#        C:\IKS0LAB_SensorHub-modified\IKS0LAB_SensorHub\EWARM\IKS0LAB_SensorHub\Obj\stm32f4xx_hal_i2c.o
#        C:\IKS0LAB_SensorHub-modified\IKS0LAB_SensorHub\EWARM\IKS0LAB_SensorHub\Obj\stm32f4xx_hal_i2c_ex.o
#        C:\IKS0LAB_SensorHub-modified\IKS0LAB_SensorHub\EWARM\IKS0LAB_SensorHub\Obj\stm32f4xx_hal_msp.o
#        C:\IKS0LAB_SensorHub-modified\IKS0LAB_SensorHub\EWARM\IKS0LAB_SensorHub\Obj\stm32f4xx_hal_pwr.o
#        C:\IKS0LAB_SensorHub-modified\IKS0LAB_SensorHub\EWARM\IKS0LAB_SensorHub\Obj\stm32f4xx_hal_pwr_ex.o
#        C:\IKS0LAB_SensorHub-modified\IKS0LAB_SensorHub\EWARM\IKS0LAB_SensorHub\Obj\stm32f4xx_hal_rcc.o
#        C:\IKS0LAB_SensorHub-modified\IKS0LAB_SensorHub\EWARM\IKS0LAB_SensorHub\Obj\stm32f4xx_hal_rcc_ex.o
#        C:\IKS0LAB_SensorHub-modified\IKS0LAB_SensorHub\EWARM\IKS0LAB_SensorHub\Obj\stm32f4xx_hal_tim.o
#        C:\IKS0LAB_SensorHub-modified\IKS0LAB_SensorHub\EWARM\IKS0LAB_SensorHub\Obj\stm32f4xx_hal_tim_ex.o
#        C:\IKS0LAB_SensorHub-modified\IKS0LAB_SensorHub\EWARM\IKS0LAB_SensorHub\Obj\stm32f4xx_hal_uart.o
#        C:\IKS0LAB_SensorHub-modified\IKS0LAB_SensorHub\EWARM\IKS0LAB_SensorHub\Obj\stm32f4xx_it.o
#        C:\IKS0LAB_SensorHub-modified\IKS0LAB_SensorHub\EWARM\IKS0LAB_SensorHub\Obj\sys.o
#        C:\IKS0LAB_SensorHub-modified\IKS0LAB_SensorHub\EWARM\IKS0LAB_SensorHub\Obj\system_stm32f4xx.o
#        C:\IKS0LAB_SensorHub-modified\IKS0LAB_SensorHub\EWARM\IKS0LAB_SensorHub\Obj\usart.o
#        --redirect _Printf=_PrintfFull --redirect _Scanf=_ScanfFull
#        --no_out_extension -o
#        C:\IKS0LAB_SensorHub-modified\IKS0LAB_SensorHub\EWARM\IKS0LAB_SensorHub\Exe\IKS0LAB_SensorHub.out
#        --map
#        C:\IKS0LAB_SensorHub-modified\IKS0LAB_SensorHub\EWARM\IKS0LAB_SensorHub\List\IKS0LAB_SensorHub.map
#        --config
#        C:\IKS0LAB_SensorHub-modified\IKS0LAB_SensorHub\EWARM/stm32f401xe_flash.icf
#        --semihosting --entry __iar_program_start --vfe --text_out locale)
#
###############################################################################

*******************************************************************************
*** RUNTIME MODEL ATTRIBUTES
***

CppFlavor       = *
__Heap_Handler  = Basic
__SystemLibrary = DLib
__dlib_version  = 6


*******************************************************************************
*** HEAP SELECTION
***

The basic heap was selected because some modules are built with
size limitations (and not runtime checking), and --advanced_heap
was not specified.


*******************************************************************************
*** PLACEMENT SUMMARY
***

"A0":  place at address 0x800'0000 { ro section .intvec };
"P1":  place in [from 0x800'0000 to 0x807'ffff] { ro };
define block CSTACK with size = 2K, alignment = 8 { };
define block HEAP with size = 512, alignment = 8 { };
"P2":  place in [from 0x2000'0000 to 0x2001'7fff] {
          rw, block CSTACK, block HEAP };
initialize by copy { rw };

  Section            Kind         Address    Size  Object
  -------            ----         -------    ----  ------
"A0":                                       0x194
  .intvec            ro code   0x800'0000   0x194  startup_stm32f401xe.o [1]
                             - 0x800'0194   0x194

"P1":                                      0x70a1
  .text              ro code   0x800'0194  0x15dc  main.o [1]
  .text              ro code   0x800'1770    0x44  snprintf.o [2]
  .text              ro code   0x800'17b4    0x36  strlen.o [4]
  .text              ro code   0x800'17ea    0x3a  zero_init3.o [4]
  .text              ro code   0x800'1824   0x5a0  stm32f4xx_hal_uart.o [1]
  .text              ro code   0x800'1dc4   0x138  heap0.o [2]
  .text              ro code   0x800'1efc    0xea  lps22hh_reg.o [1]
  .text              ro code   0x800'1fe6    0x1e  xencoding_8859_1.o [2]
  .text              ro code   0x800'2004  0x1260  lsm6dsox_reg.o [1]
  .text              ro code   0x800'3264    0x66  ABImemset.o [4]
  .text              ro code   0x800'32ca    0x1a  xsnprout.o [2]
  .text              ro code   0x800'32e4    0x48  FltToDbl.o [3]
  .text              ro code   0x800'332c   0x102  sqrt.o [3]
  .rodata            const     0x800'342e     0x2  xlocale_c.o [2]
  .text              ro code   0x800'3430    0x68  DblToFlt.o [3]
  .text              ro code   0x800'3498   0x25c  stm32f4xx_hal_gpio.o [1]
  .text              ro code   0x800'36f4    0x34  stm32f4xx_hal.o [1]
  .text              ro code   0x800'3728    0xd0  com.o [1]
  .text              ro code   0x800'37f8   0x16c  gpio.o [1]
  .text              ro code   0x800'3964    0xfc  i2c.o [1]
  .text              ro code   0x800'3a60    0xb4  usart.o [1]
  .text              ro code   0x800'3b14    0x28  stm32f4xx_hal.o [1]
  .text              ro code   0x800'3b3c   0xb22  stm32f4xx_hal_i2c.o [1]
  .rodata            const     0x800'465e     0x2  xlocale_c.o [2]
  .text              ro code   0x800'4660    0xa6  ABImemcpy.o [4]
  .text              ro code   0x800'4706     0x4  heaptramp0.o [2]
  .text              ro code   0x800'470a    0x14  tolower.o [2]
  .rodata            const     0x800'471e     0x1  xlocale_c.o [2]
  .text              ro code   0x800'4720   0x380  stm32f4xx_hal_rcc.o [1]
  .text              ro code   0x800'4aa0   0x224  stm32f4xx_hal_rcc.o [1]
  .text              ro code   0x800'4cc4     0xc  stm32f4xx_hal.o [1]
  .text              ro code   0x800'4cd0  0x10c6  xprintffull.o [2]
  .text              ro code   0x800'5d98    0x2c  xgetmemchunk.o [2]
  .text              ro code   0x800'5dc4   0x158  stm32f4xx_hal_cortex.o [1]
  .text              ro code   0x800'5f1c    0x4c  stm32f4xx_hal.o [1]
  .text              ro code   0x800'5f68    0x40  stm32f4xx_hal_msp.o [1]
  .text              ro code   0x800'5fa8    0x94  xlocale_c.o [2]
  .text              ro code   0x800'603c   0x230  I64DivMod.o [4]
  .text              ro code   0x800'626c    0x16  strchr.o [4]
  .text              ro code   0x800'6284    0x40  xfail_s.o [2]
  .text              ro code   0x800'62c4    0x58  memchr.o [4]
  .text              ro code   0x800'631c    0x70  frexp.o [3]
  .text              ro code   0x800'638c    0x2e  DblCmpLe.o [3]
  .text              ro code   0x800'63bc    0x2e  DblCmpGe.o [3]
  .text              ro code   0x800'63ec   0x13a  ldexp.o [3]
  .text              ro code   0x800'6528    0x3a  DblToS32.o [3]
  .text              ro code   0x800'6564    0x22  S32ToDbl.o [3]
  .text              ro code   0x800'6588    0xe2  DblSub.o [3]
  .text              ro code   0x800'666c   0x246  DblDiv.o [3]
  .text              ro code   0x800'68b4    0x28  DblToU32.o [3]
  .text              ro code   0x800'68dc    0x1a  U32ToDbl.o [3]
  .text              ro code   0x800'68f8   0x1a2  DblMul.o [3]
  .text              ro code   0x800'6a9a     0xa  xmbcurmax.o [2]
  .text              ro code   0x800'6aa4     0x2  I64DivZer.o [4]
  .text              ro code   0x800'6aa6     0x6  abort.o [2]
  .text              ro code   0x800'6aac   0x16a  DblAdd.o [3]
  .text              ro code   0x800'6c18    0x14  exit.o [5]
  .rodata            const     0x800'6c2c    0x90  main.o [1]
  .text              ro code   0x800'6cbc    0x78  lz77_init_single.o [4]
  .text              ro code   0x800'6d34    0x60  system_stm32f4xx.o [1]
  .rodata            const     0x800'6d94    0x4c  main.o [1]
  .rodata            const     0x800'6de0    0x40  main.o [1]
  .rodata            const     0x800'6e20    0x34  main.o [1]
  .rodata            const     0x800'6e54    0x2c  main.o [1]
  .rodata            const     0x800'6e80    0x2c  main.o [1]
  .text              ro code   0x800'6eac    0x2c  stm32f4xx_it.o [1]
  .text              ro code   0x800'6ed8    0x18  stm32f4xx_hal.o [1]
  .text              ro code   0x800'6ef0    0x28  data_init.o [4]
  .text              ro code   0x800'6f18    0x22  fpinit_M.o [3]
  .iar.init_table    const     0x800'6f3c    0x20  - Linker created -
  .rodata            const     0x800'6f5c    0x20  main.o [1]
  .text              ro code   0x800'6f7c    0x1e  cmain.o [4]
  .text              ro code   0x800'6f9a     0x4  low_level_init.o [2]
  .text              ro code   0x800'6f9e     0x4  exit.o [2]
  .text              ro code   0x800'6fa4     0xa  cexit.o [4]
  .rodata            const     0x800'6fb0    0x1c  main.o [1]
  .rodata            const     0x800'6fcc    0x1c  main.o [1]
  .rodata            const     0x800'6fe8    0x1c  main.o [1]
  .rodata            const     0x800'7004    0x1c  main.o [1]
  .rodata            const     0x800'7020    0x18  main.o [1]
  .rodata            const     0x800'7038    0x18  main.o [1]
  .rodata            const     0x800'7050    0x18  main.o [1]
  .rodata            const     0x800'7068    0x14  main.o [1]
  .rodata            const     0x800'707c    0x14  main.o [1]
  .rodata            const     0x800'7090    0x14  main.o [1]
  .rodata            const     0x800'70a4    0x10  system_stm32f4xx.o [1]
  .text              ro code   0x800'70b4    0x10  startup_stm32f401xe.o [1]
  .rodata            const     0x800'70c4     0xc  main.o [1]
  .text              ro code   0x800'70d0     0xc  cstartup_M.o [4]
  .rodata            const     0x800'70dc     0x8  main.o [1]
  .rodata            const     0x800'70e4     0x8  main.o [1]
  .rodata            const     0x800'70ec     0x8  main.o [1]
  .rodata            const     0x800'70f4     0x8  system_stm32f4xx.o [1]
  .rodata            const     0x800'70fc     0x4  com.o [1]
  .rodata            const     0x800'7100     0x4  main.o [1]
  .text              ro code   0x800'7104     0x4  startup_stm32f401xe.o [1]
  .text              ro code   0x800'7108     0x4  startup_stm32f401xe.o [1]
  .text              ro code   0x800'710c     0x4  startup_stm32f401xe.o [1]
  .text              ro code   0x800'7110     0x4  startup_stm32f401xe.o [1]
  .text              ro code   0x800'7114     0x4  startup_stm32f401xe.o [1]
  .text              ro code   0x800'7118     0x4  startup_stm32f401xe.o [1]
  .text              ro code   0x800'711c     0x4  startup_stm32f401xe.o [1]
  .text              ro code   0x800'7120     0x4  startup_stm32f401xe.o [1]
  .text              ro code   0x800'7124     0x4  startup_stm32f401xe.o [1]
  .text              ro code   0x800'7128     0x4  startup_stm32f401xe.o [1]
  .text              ro code   0x800'712c     0x4  startup_stm32f401xe.o [1]
  .text              ro code   0x800'7130     0x4  startup_stm32f401xe.o [1]
  .text              ro code   0x800'7134     0x4  startup_stm32f401xe.o [1]
  .text              ro code   0x800'7138     0x4  startup_stm32f401xe.o [1]
  .text              ro code   0x800'713c     0x4  startup_stm32f401xe.o [1]
  .text              ro code   0x800'7140     0x4  startup_stm32f401xe.o [1]
  .text              ro code   0x800'7144     0x4  startup_stm32f401xe.o [1]
  .text              ro code   0x800'7148     0x4  startup_stm32f401xe.o [1]
  .text              ro code   0x800'714c     0x4  startup_stm32f401xe.o [1]
  .text              ro code   0x800'7150     0x4  startup_stm32f401xe.o [1]
  .text              ro code   0x800'7154     0x4  startup_stm32f401xe.o [1]
  .text              ro code   0x800'7158     0x4  startup_stm32f401xe.o [1]
  .text              ro code   0x800'715c     0x4  startup_stm32f401xe.o [1]
  .text              ro code   0x800'7160     0x4  startup_stm32f401xe.o [1]
  .text              ro code   0x800'7164     0x4  startup_stm32f401xe.o [1]
  .text              ro code   0x800'7168     0x4  startup_stm32f401xe.o [1]
  .text              ro code   0x800'716c     0x4  startup_stm32f401xe.o [1]
  .text              ro code   0x800'7170     0x4  startup_stm32f401xe.o [1]
  .text              ro code   0x800'7174     0x4  startup_stm32f401xe.o [1]
  .text              ro code   0x800'7178     0x4  startup_stm32f401xe.o [1]
  .text              ro code   0x800'717c     0x4  startup_stm32f401xe.o [1]
  .text              ro code   0x800'7180     0x4  startup_stm32f401xe.o [1]
  .text              ro code   0x800'7184     0x4  startup_stm32f401xe.o [1]
  .text              ro code   0x800'7188     0x4  startup_stm32f401xe.o [1]
  .text              ro code   0x800'718c     0x4  startup_stm32f401xe.o [1]
  .text              ro code   0x800'7190     0x4  startup_stm32f401xe.o [1]
  .text              ro code   0x800'7194     0x4  startup_stm32f401xe.o [1]
  .text              ro code   0x800'7198     0x4  startup_stm32f401xe.o [1]
  .text              ro code   0x800'719c     0x4  startup_stm32f401xe.o [1]
  .text              ro code   0x800'71a0     0x4  startup_stm32f401xe.o [1]
  .text              ro code   0x800'71a4     0x4  startup_stm32f401xe.o [1]
  .text              ro code   0x800'71a8     0x4  startup_stm32f401xe.o [1]
  .text              ro code   0x800'71ac     0x4  startup_stm32f401xe.o [1]
  .text              ro code   0x800'71b0     0x4  startup_stm32f401xe.o [1]
  .text              ro code   0x800'71b4     0x4  startup_stm32f401xe.o [1]
  .text              ro code   0x800'71b8     0x4  startup_stm32f401xe.o [1]
  .text              ro code   0x800'71bc     0x4  startup_stm32f401xe.o [1]
  .text              ro code   0x800'71c0     0x4  startup_stm32f401xe.o [1]
  .text              ro code   0x800'71c4     0x4  startup_stm32f401xe.o [1]
  .text              ro code   0x800'71c8     0x4  startup_stm32f401xe.o [1]
  .text              ro code   0x800'71cc     0x4  startup_stm32f401xe.o [1]
  .text              ro code   0x800'71d0     0x4  startup_stm32f401xe.o [1]
  .text              ro code   0x800'71d4     0x4  startup_stm32f401xe.o [1]
  .text              ro code   0x800'71d8     0x4  startup_stm32f401xe.o [1]
  .text              ro code   0x800'71dc     0x4  startup_stm32f401xe.o [1]
  .text              ro code   0x800'71e0     0x4  startup_stm32f401xe.o [1]
  .text              ro code   0x800'71e4     0x4  startup_stm32f401xe.o [1]
  .text              ro code   0x800'71e8     0x4  startup_stm32f401xe.o [1]
  .text              ro code   0x800'71ec     0x4  startup_stm32f401xe.o [1]
  .rodata            const     0x800'71f0     0x0  zero_init3.o [4]
  .rodata            const     0x800'71f0     0x0  lz77_init_single.o [4]
  Initializer bytes  const     0x800'71f0    0x45  <for P2-1>
                             - 0x800'7235  0x70a1

"P2", part 1 of 3:                           0x8e
  P2-1                        0x2000'0000    0x8e  <Init block>
    .data            inited   0x2000'0000     0x4  main.o [1]
    .data            inited   0x2000'0004     0x4  stm32f4xx_hal.o [1]
    .data            inited   0x2000'0008     0x4  system_stm32f4xx.o [1]
    .data            inited   0x2000'000c    0x38  xlocale_c.o [2]
    .data            inited   0x2000'0044    0x48  xlocale_c.o [2]
    .data            inited   0x2000'008c     0x1  i2c.o [1]
    .data            inited   0x2000'008d     0x1  stm32f4xx_hal.o [1]
                            - 0x2000'008e    0x8e

"P2", part 2 of 3:                          0x340
  .bss               zero     0x2000'0090   0x100  com.o [1]
  .bss               zero     0x2000'0190   0x100  main.o [1]
  .bss               zero     0x2000'0290    0x54  i2c.o [1]
  .bss               zero     0x2000'02e4    0x40  com.o [1]
  .bss               zero     0x2000'0324    0x40  main.o [1]
  .bss               zero     0x2000'0364    0x40  usart.o [1]
  .bss               zero     0x2000'03a4     0xc  main.o [1]
  .bss               zero     0x2000'03b0     0x8  heap0.o [2]
  .bss               zero     0x2000'03b8     0x4  main.o [1]
  .bss               zero     0x2000'03bc     0x4  main.o [1]
  .bss               zero     0x2000'03c0     0x4  stm32f4xx_hal.o [1]
  .bss               zero     0x2000'03c4     0x4  xgetmemchunk.o [2]
  .bss               zero     0x2000'03c8     0x4  xfail_s.o [2]
  .bss               zero     0x2000'03cc     0x1  main.o [1]
                            - 0x2000'03cd   0x33d

"P2", part 3 of 3:                          0xa00
  CSTACK                      0x2000'03d0   0x800  <Block>
    CSTACK           uninit   0x2000'03d0   0x800  <Block tail>
  HEAP                        0x2000'0bd0   0x200  <Block>
    HEAP             uninit   0x2000'0bd0   0x200  <Block tail>
                            - 0x2000'0dd0   0xa00

Unused ranges:

         From           To      Size
         ----           --      ----
   0x800'7235   0x807'ffff  0x7'8dcb
  0x2000'008e  0x2000'008f       0x2
  0x2000'0dd0  0x2001'7fff  0x1'7230


*******************************************************************************
*** INIT TABLE
***

          Address      Size
          -------      ----
Zero (__iar_zero_init3)
    1 destination range, total size 0x33d:
          0x2000'0090  0x33d

Copy/lz77 (__iar_lz77_init_single3)
    1 source range, total size 0x45 (48% of destination):
           0x800'71f0   0x45
    1 destination range, total size 0x8e:
          0x2000'0000   0x8e



*******************************************************************************
*** MODULE SUMMARY
***

    Module                  ro code  ro data  rw data
    ------                  -------  -------  -------
command line/config:
    -------------------------------------------------
    Total:

C:\IKS0LAB_SensorHub-modified\IKS0LAB_SensorHub\EWARM\IKS0LAB_SensorHub\Obj: [1]
    com.o                       208        4      320
    gpio.o                      364
    i2c.o                       252                85
    lps22hh_reg.o               234
    lsm6dsox_reg.o            4'704
    main.o                    5'596      741      345
    startup_stm32f401xe.o       656
    stm32f4xx_hal.o             204        3        9
    stm32f4xx_hal_cortex.o      344
    stm32f4xx_hal_gpio.o        604
    stm32f4xx_hal_i2c.o       2'850
    stm32f4xx_hal_msp.o          64
    stm32f4xx_hal_rcc.o       1'444
    stm32f4xx_hal_uart.o      1'440
    stm32f4xx_it.o               44
    system_stm32f4xx.o           96       26        4
    usart.o                     180                64
    -------------------------------------------------
    Total:                   19'284      774      827

dl7M_tlf.a: [2]
    abort.o                       6
    exit.o                        4
    heap0.o                     312                 8
    heaptramp0.o                  4
    low_level_init.o              4
    snprintf.o                   68
    tolower.o                    20
    xencoding_8859_1.o           30
    xfail_s.o                    64                 4
    xgetmemchunk.o               44                 4
    xlocale_c.o                 148       68      128
    xmbcurmax.o                  10
    xprintffull.o             4'294
    xsnprout.o                   26
    -------------------------------------------------
    Total:                    5'034       68      144

m7M_tls.a: [3]
    DblAdd.o                    362
    DblCmpGe.o                   46
    DblCmpLe.o                   46
    DblDiv.o                    582
    DblMul.o                    418
    DblSub.o                    226
    DblToFlt.o                  104
    DblToS32.o                   58
    DblToU32.o                   40
    FltToDbl.o                   72
    S32ToDbl.o                   34
    U32ToDbl.o                   26
    fpinit_M.o                   34
    frexp.o                     112
    ldexp.o                     314
    sqrt.o                      258
    -------------------------------------------------
    Total:                    2'732

rt7M_tl.a: [4]
    ABImemcpy.o                 166
    ABImemset.o                 102
    I64DivMod.o                 560
    I64DivZer.o                   2
    cexit.o                      10
    cmain.o                      30
    cstartup_M.o                 12
    data_init.o                  40
    lz77_init_single.o          120
    memchr.o                     88
    strchr.o                     22
    strlen.o                     54
    zero_init3.o                 58
    -------------------------------------------------
    Total:                    1'264

shb_l.a: [5]
    exit.o                       20
    -------------------------------------------------
    Total:                       20

    Gaps                         25        4
    Linker created                        32    2'560
-----------------------------------------------------
    Grand Total:             28'359      878    3'531


*******************************************************************************
*** ENTRY LIST
***

Entry                       Address   Size  Type      Object
-----                       -------   ----  ----      ------
.iar.init_table$$Base    0x800'6f3c          --   Gb  - Linker created -
.iar.init_table$$Limit   0x800'6f5c          --   Gb  - Linker created -
?main                    0x800'6f7d         Code  Gb  cmain.o [4]
AHBPrescTable            0x800'70a4   0x10  Data  Gb  system_stm32f4xx.o [1]
APBPrescTable            0x800'70f4    0x8  Data  Gb  system_stm32f4xx.o [1]
Aldata                  0x2000'03b0    0x8  Data  Lc  heap0.o [2]
BSP_COM_Init             0x800'0acf   0x44  Code  Gb  main.o [1]
COM_USART               0x2000'0000    0x4  Data  Gb  main.o [1]
CSTACK$$Base            0x2000'03d0          --   Gb  - Linker created -
CSTACK$$Limit           0x2000'0bd0          --   Gb  - Linker created -
CacheMore                0x800'5fc5   0x28  Code  Lc  xlocale_c.o [2]
EXTI0_IRQHandler         0x800'6eb9    0xa  Code  Gb  stm32f4xx_it.o [1]
EXTI15_10_IRQHandler     0x800'6ecd    0xc  Code  Gb  stm32f4xx_it.o [1]
EXTI9_5_IRQHandler       0x800'6ec3    0xa  Code  Gb  stm32f4xx_it.o [1]
Error_Handler            0x800'0211   0x2e  Code  Gb  main.o [1]
HAL_Delay                0x800'3b15   0x28  Code  Wk  stm32f4xx_hal.o [1]
HAL_GPIO_EXTI_Callback   0x800'16b5   0x5c  Code  Gb  main.o [1]
HAL_GPIO_EXTI_IRQHandler
                         0x800'36a3   0x20  Code  Gb  stm32f4xx_hal_gpio.o [1]
HAL_GPIO_Init            0x800'3499  0x1f0  Code  Gb  stm32f4xx_hal_gpio.o [1]
HAL_GPIO_WritePin        0x800'3689   0x1a  Code  Gb  stm32f4xx_hal_gpio.o [1]
HAL_GetTick              0x800'4cc5    0xc  Code  Wk  stm32f4xx_hal.o [1]
HAL_I2C_Init             0x800'3b3d  0x1ba  Code  Gb  stm32f4xx_hal_i2c.o [1]
HAL_I2C_Mem_Read         0x800'3e81  0x300  Code  Gb  stm32f4xx_hal_i2c.o [1]
HAL_I2C_Mem_Write        0x800'3d11  0x16e  Code  Gb  stm32f4xx_hal_i2c.o [1]
HAL_I2C_MspInit          0x800'399d   0x6c  Code  Gb  i2c.o [1]
HAL_IncTick              0x800'6ed9   0x18  Code  Wk  stm32f4xx_hal.o [1]
HAL_Init                 0x800'36f5   0x30  Code  Gb  stm32f4xx_hal.o [1]
HAL_InitTick             0x800'5f1d   0x4c  Code  Wk  stm32f4xx_hal.o [1]
HAL_MspInit              0x800'5f69   0x40  Code  Gb  stm32f4xx_hal_msp.o [1]
HAL_NVIC_EnableIRQ       0x800'5ee3    0xe  Code  Gb  stm32f4xx_hal_cortex.o [1]
HAL_NVIC_SetPriority     0x800'5eb9   0x2a  Code  Gb  stm32f4xx_hal_cortex.o [1]
HAL_NVIC_SetPriorityGrouping
                         0x800'5ead    0xc  Code  Gb  stm32f4xx_hal_cortex.o [1]
HAL_RCC_ClockConfig      0x800'4aa1  0x13e  Code  Gb  stm32f4xx_hal_rcc.o [1]
HAL_RCC_GetHCLKFreq      0x800'4bdf    0x6  Code  Gb  stm32f4xx_hal_rcc.o [1]
HAL_RCC_GetPCLK1Freq     0x800'4be5   0x16  Code  Gb  stm32f4xx_hal_rcc.o [1]
HAL_RCC_GetPCLK2Freq     0x800'4bfb   0x16  Code  Gb  stm32f4xx_hal_rcc.o [1]
HAL_RCC_OscConfig        0x800'4721  0x380  Code  Wk  stm32f4xx_hal_rcc.o [1]
HAL_SYSTICK_Config       0x800'5ef1    0xc  Code  Gb  stm32f4xx_hal_cortex.o [1]
HAL_UART_Init            0x800'1825   0x76  Code  Gb  stm32f4xx_hal_uart.o [1]
HAL_UART_MspInit         0x800'3a95   0x6a  Code  Gb  usart.o [1]
HAL_UART_Receive         0x800'197b   0xea  Code  Gb  stm32f4xx_hal_uart.o [1]
HAL_UART_Transmit        0x800'189b   0xe0  Code  Gb  stm32f4xx_hal_uart.o [1]
HEAP$$Base              0x2000'0bd0          --   Gb  - Linker created -
HEAP$$Limit             0x2000'0dd0          --   Gb  - Linker created -
I2C_IsAcknowledgeFailed
                         0x800'4627   0x38  Code  Lc  stm32f4xx_hal_i2c.o [1]
I2C_RequestMemoryRead    0x800'4269  0x154  Code  Lc  stm32f4xx_hal_i2c.o [1]
I2C_RequestMemoryWrite   0x800'418d   0xdc  Code  Lc  stm32f4xx_hal_i2c.o [1]
I2C_WaitOnBTFFlagUntilTimeout
                         0x800'455d   0x58  Code  Lc  stm32f4xx_hal_i2c.o [1]
I2C_WaitOnFlagUntilTimeout
                         0x800'43c1   0x8a  Code  Lc  stm32f4xx_hal_i2c.o [1]
I2C_WaitOnMasterAddressFlagUntilTimeout
                         0x800'444b   0xba  Code  Lc  stm32f4xx_hal_i2c.o [1]
I2C_WaitOnRXNEFlagUntilTimeout
                         0x800'45b5   0x72  Code  Lc  stm32f4xx_hal_i2c.o [1]
I2C_WaitOnTXEFlagUntilTimeout
                         0x800'4505   0x58  Code  Lc  stm32f4xx_hal_i2c.o [1]
I2C_read                 0x800'3a09   0x3a  Code  Gb  i2c.o [1]
Int_Current_Time1       0x2000'03b8    0x4  Data  Gb  main.o [1]
Int_Current_Time2       0x2000'03bc    0x4  Data  Gb  main.o [1]
J48_output_maker         0x800'131b   0xaa  Code  Gb  main.o [1]
MX_GPIO_Init             0x800'37f9  0x16c  Code  Gb  gpio.o [1]
MX_I2C1_Init             0x800'3965   0x38  Code  Gb  i2c.o [1]
MX_TIM_ALGO_Init         0x800'0a71    0x2  Code  Lc  main.o [1]
MX_USART2_UART_Init      0x800'3a61   0x34  Code  Gb  usart.o [1]
NVIC_EncodePriority      0x800'5e3d   0x40  Code  Lc  stm32f4xx_hal_cortex.o [1]
PendSV_Handler           0x800'6eaf    0x2  Code  Gb  stm32f4xx_it.o [1]
Region$$Table$$Base      0x800'6f3c          --   Gb  - Linker created -
Region$$Table$$Limit     0x800'6f5c          --   Gb  - Linker created -
SVC_Handler              0x800'6ead    0x2  Code  Gb  stm32f4xx_it.o [1]
Sleep_Mode               0x800'0a6f    0x2  Code  Lc  main.o [1]
SysTick_Config           0x800'5e7d   0x30  Code  Lc  stm32f4xx_hal_cortex.o [1]
SysTick_Handler          0x800'6eb1    0x8  Code  Gb  stm32f4xx_it.o [1]
SystemClock_Config       0x800'15f1   0xae  Code  Gb  main.o [1]
SystemCoreClock         0x2000'0008    0x4  Data  Gb  system_stm32f4xx.o [1]
SystemInit               0x800'6d35   0x40  Code  Gb  system_stm32f4xx.o [1]
UART_RxBuffer           0x2000'0090  0x100  Data  Gb  com.o [1]
UART_SetConfig           0x800'1ad3  0x2e2  Code  Lc  stm32f4xx_hal_uart.o [1]
UART_WaitOnFlagUntilTimeout
                         0x800'1a65   0x6e  Code  Lc  stm32f4xx_hal_uart.o [1]
USART2_MspInit           0x800'0a73   0x5c  Code  Lc  main.o [1]
USARTConfig              0x800'3729   0xd0  Code  Gb  com.o [1]
UartHandle              0x2000'02e4   0x40  Data  Gb  com.o [1]
Usart_BaudRate           0x800'70fc    0x4  Data  Gb  com.o [1]
_Encoding_8859_1_Mbrlen
                         0x800'1ff9    0x2  Code  Gb  xencoding_8859_1.o [2]
_Encoding_8859_1_Wctomb
                         0x800'1fe7   0x12  Code  Gb  xencoding_8859_1.o [2]
_LitobFull               0x800'5be3  0x10a  Code  Lc  xprintffull.o [2]
_LocaleC_isupper         0x800'5fa9    0x2  Code  Gb  xlocale_c.o [2]
_LocaleC_tolower         0x800'5fb5    0xc  Code  Gb  xlocale_c.o [2]
_Locale_lconv           0x2000'000c   0x38  Data  Lc  xlocale_c.o [2]
_PrintfFull              0x800'4cd1  0xcc4  Code  Gb  xprintffull.o [2]
_PutcharsFull            0x800'5d55   0x2e  Code  Lc  xprintffull.o [2]
_PutstrFull              0x800'5b23   0xc0  Code  Lc  xprintffull.o [2]
_PuttxtFull              0x800'5a17  0x10c  Code  Lc  xprintffull.o [2]
_SNProut                 0x800'32cb   0x1a  Code  Gb  xsnprout.o [2]
__NVIC_EnableIRQ         0x800'5df3   0x1e  Code  Lc  stm32f4xx_hal_cortex.o [1]
__NVIC_GetPriorityGrouping
                         0x800'5de7    0xc  Code  Lc  stm32f4xx_hal_cortex.o [1]
__NVIC_SetPriority       0x800'5e11   0x2c  Code  Lc  stm32f4xx_hal_cortex.o [1]
__NVIC_SetPriorityGrouping
                         0x800'5dc5   0x22  Code  Lc  stm32f4xx_hal_cortex.o [1]
__aeabi_cdcmple          0x800'638d         Code  Gb  DblCmpLe.o [3]
__aeabi_cdrcmple         0x800'63bd         Code  Gb  DblCmpGe.o [3]
__aeabi_d2f              0x800'3431         Code  Gb  DblToFlt.o [3]
__aeabi_d2iz             0x800'6529         Code  Gb  DblToS32.o [3]
__aeabi_d2uiz            0x800'68b5         Code  Gb  DblToU32.o [3]
__aeabi_ddiv             0x800'666d         Code  Gb  DblDiv.o [3]
__aeabi_dmul             0x800'68f9         Code  Gb  DblMul.o [3]
__aeabi_dsub             0x800'6589         Code  Gb  DblSub.o [3]
__aeabi_f2d              0x800'32e5         Code  Gb  FltToDbl.o [3]
__aeabi_i2d              0x800'6565         Code  Gb  S32ToDbl.o [3]
__aeabi_ldiv0            0x800'6aa5         Code  Gb  I64DivZer.o [4]
__aeabi_memcpy           0x800'4661         Code  Gb  ABImemcpy.o [4]
__aeabi_memcpy4          0x800'4681         Code  Gb  ABImemcpy.o [4]
__aeabi_memcpy8          0x800'4681         Code  Gb  ABImemcpy.o [4]
__aeabi_memset           0x800'3265         Code  Gb  ABImemset.o [4]
__aeabi_ui2d             0x800'68dd         Code  Gb  U32ToDbl.o [3]
__aeabi_uldivmod         0x800'603d         Code  Gb  I64DivMod.o [4]
__basic_free             0x800'1e6f   0x16  Code  Gb  heap0.o [2]
__basic_free_intern      0x800'1e85   0x74  Code  Lc  heap0.o [2]
__basic_malloc           0x800'1dc5   0x18  Code  Gb  heap0.o [2]
__basic_malloc_intern    0x800'1ddd   0x92  Code  Lc  heap0.o [2]
__cmain                  0x800'6f7d         Code  Gb  cmain.o [4]
__data_GetMemChunk       0x800'5d99   0x2c  Code  Gb  xgetmemchunk.o [2]
__data_GetMemChunk::start
                        0x2000'03c4    0x4  Data  Lc  xgetmemchunk.o [2]
__exit                   0x800'6c19   0x14  Code  Gb  exit.o [5]
__iar_Fail_s             0x800'6285   0x1c  Code  Gb  xfail_s.o [2]
__iar_Mbcurmax           0x800'6a9b    0xa  Code  Gb  xmbcurmax.o [2]
__iar_Memchr             0x800'62c5         Code  Gb  memchr.o [4]
__iar_Memset             0x800'3265         Code  Gb  ABImemset.o [4]
__iar_Memset_word        0x800'326d         Code  Gb  ABImemset.o [4]
__iar_Strchr             0x800'626d         Code  Gb  strchr.o [4]
__iar_dadd               0x800'6599         Code  Gb  DblSub.o [3]
__iar_data_init3         0x800'6ef1   0x28  Code  Gb  data_init.o [4]
__iar_dsub               0x800'6aad         Code  Gb  DblAdd.o [3]
__iar_dsubStart          0x800'6abf         Code  Gb  DblAdd.o [3]
__iar_frexp              0x800'6329         Code  Gb  frexp.o [3]
__iar_frexpl             0x800'6329         Code  Gb  frexp.o [3]
__iar_globLocale        0x2000'0044   0x48  Data  Lc  xlocale_c.o [2]
__iar_global_Locale      0x800'5fc1    0x4  Code  Gb  xlocale_c.o [2]
__iar_init_vfp           0x800'6f19         Code  Gb  fpinit_M.o [3]
__iar_ldexp64            0x800'63ed         Code  Gb  ldexp.o [3]
__iar_lz77_init_single3
                         0x800'6cbd   0x78  Code  Gb  lz77_init_single.o [4]
__iar_program_start      0x800'70d1         Code  Gb  cstartup_M.o [4]
__iar_scalbln64          0x800'63ed         Code  Gb  ldexp.o [3]
__iar_scalbn64           0x800'63ed         Code  Gb  ldexp.o [3]
__iar_softfp___iar_frexp64
                         0x800'631d         Code  Gb  frexp.o [3]
__iar_softfp_frexp       0x800'631d         Code  Gb  frexp.o [3]
__iar_softfp_frexpl      0x800'631d         Code  Gb  frexp.o [3]
__iar_sqrt64             0x800'333d         Code  Gb  sqrt.o [3]
__iar_vfp___iar_sqrt64   0x800'332d         Code  Gb  sqrt.o [3]
__iar_vfp_sqrt           0x800'332d         Code  Gb  sqrt.o [3]
__iar_vfp_sqrtl          0x800'332d         Code  Gb  sqrt.o [3]
__iar_zero_init3         0x800'17eb   0x3a  Code  Gb  zero_init3.o [4]
__low_level_init         0x800'6f9b    0x4  Code  Gb  low_level_init.o [2]
__vector_table           0x800'0000         Data  Gb  startup_stm32f401xe.o [1]
_call_main               0x800'6f89         Code  Gb  cmain.o [4]
_exit                    0x800'6fa5         Code  Gb  cexit.o [4]
_gLocale_mblen           0x800'6029    0x4  Code  Gb  xlocale_c.o [2]
_gLocale_mblenInt        0x800'5fed   0x2c  Code  Gb  xlocale_c.o [2]
_gLocale_wctomb          0x800'602d    0x4  Code  Gb  xlocale_c.o [2]
_gLocale_wctombInt       0x800'6025    0x4  Code  Gb  xlocale_c.o [2]
_main                    0x800'6f97         Code  Gb  cmain.o [4]
abort                    0x800'6aa7    0x6  Code  Gb  abort.o [2]
ag_ctx                  0x2000'03a4    0xc  Data  Lc  main.o [1]
button_pressed          0x2000'03cc    0x1  Data  Lc  main.o [1]
calculate_split_points   0x800'0da1   0xac  Code  Gb  main.o [1]
class_it_my_boy          0x800'02c9   0xb0  Code  Gb  main.o [1]
compute_gini             0x800'0e79  0x1f6  Code  Gb  main.o [1]
compute_mean             0x800'0435   0xf6  Code  Gb  main.o [1]
compute_std              0x800'052b  0x19a  Code  Gb  main.o [1]
dataOut                 0x2000'0190  0x100  Data  Lc  main.o [1]
dec_tree_generator       0x800'12d3   0x48  Code  Gb  main.o [1]
dev_address             0x2000'008c    0x1  Data  Lc  i2c.o [1]
dim_data                 0x800'0e4d   0x24  Code  Gb  main.o [1]
exit                     0x800'6f9f    0x4  Code  Gb  exit.o [2]
free                     0x800'4707    0x4  Code  Gb  heaptramp0.o [2]
getUserInput             0x800'0379   0xb8  Code  Gb  main.o [1]
get_split_point          0x800'0d39   0x48  Code  Gb  main.o [1]
hcom_uart               0x2000'0324   0x40  Data  Gb  main.o [1]
hi2c1                   0x2000'0290   0x54  Data  Gb  i2c.o [1]
huart2                  0x2000'0364   0x40  Data  Gb  usart.o [1]
init                     0x800'0b13   0x84  Code  Gb  main.o [1]
is_used                  0x800'01e7   0x2a  Code  Gb  main.o [1]
ldexp                    0x800'63ed         Code  Gb  ldexp.o [3]
ldexpl                   0x800'63ed         Code  Gb  ldexp.o [3]
localeconv               0x800'6031    0x4  Code  Gb  xlocale_c.o [2]
lps22hh_data_rate_set    0x800'1f51   0x82  Code  Gb  lps22hh_reg.o [1]
lps22hh_device_id_get    0x800'1fd3   0x14  Code  Gb  lps22hh_reg.o [1]
lps22hh_from_lsb_to_hpa
                         0x800'1f39   0x12  Code  Gb  lps22hh_reg.o [1]
lps22hh_read_reg         0x800'1efd   0x1e  Code  Gb  lps22hh_reg.o [1]
lps22hh_write_reg        0x800'1f1b   0x1e  Code  Gb  lps22hh_reg.o [1]
lsm6dsox_acceleration_raw_get
                         0x800'2649   0x14  Code  Gb  lsm6dsox_reg.o [1]
lsm6dsox_block_data_update_set
                         0x800'25f5   0x36  Code  Gb  lsm6dsox_reg.o [1]
lsm6dsox_device_id_get   0x800'26ab   0x14  Code  Gb  lsm6dsox_reg.o [1]
lsm6dsox_fifo_data_level_get
                         0x800'2d0b   0x40  Code  Gb  lsm6dsox_reg.o [1]
lsm6dsox_fifo_gy_batch_set
                         0x800'2c9b   0x3a  Code  Gb  lsm6dsox_reg.o [1]
lsm6dsox_fifo_mode_set   0x800'2cd5   0x36  Code  Gb  lsm6dsox_reg.o [1]
lsm6dsox_fifo_out_raw_get
                         0x800'265d   0x14  Code  Gb  lsm6dsox_reg.o [1]
lsm6dsox_fifo_sensor_tag_get
                         0x800'2d69   0xf6  Code  Gb  lsm6dsox_reg.o [1]
lsm6dsox_fifo_watermark_set
                         0x800'2c0f   0x56  Code  Gb  lsm6dsox_reg.o [1]
lsm6dsox_fifo_wtm_flag_get
                         0x800'2d4b   0x1e  Code  Gb  lsm6dsox_reg.o [1]
lsm6dsox_fifo_xl_batch_set
                         0x800'2c65   0x36  Code  Gb  lsm6dsox_reg.o [1]
lsm6dsox_from_fs2_to_mg
                         0x800'2041   0x14  Code  Gb  lsm6dsox_reg.o [1]
lsm6dsox_fsm_data_rate_get
                         0x800'2ee5   0x6c  Code  Gb  lsm6dsox_reg.o [1]
lsm6dsox_fsm_enable_get
                         0x800'2eb1   0x34  Code  Gb  lsm6dsox_reg.o [1]
lsm6dsox_gy_data_rate_set
                         0x800'235d  0x298  Code  Gb  lsm6dsox_reg.o [1]
lsm6dsox_gy_full_scale_set
                         0x800'2327   0x36  Code  Gb  lsm6dsox_reg.o [1]
lsm6dsox_hub_fifo_lps22hh
                         0x800'023f   0x8a  Code  Gb  main.o [1]
lsm6dsox_i3c_disable_set
                         0x800'2713   0x70  Code  Gb  lsm6dsox_reg.o [1]
lsm6dsox_int_notification_set
                         0x800'2b73   0x9c  Code  Gb  lsm6dsox_reg.o [1]
lsm6dsox_mem_bank_set    0x800'2671   0x3a  Code  Gb  lsm6dsox_reg.o [1]
lsm6dsox_mlc_data_rate_get
                         0x800'2f8f   0x6c  Code  Gb  lsm6dsox_reg.o [1]
lsm6dsox_mlc_get         0x800'2f51   0x3e  Code  Gb  lsm6dsox_reg.o [1]
lsm6dsox_pin_int1_route_get
                         0x800'2a57   0x8e  Code  Gb  lsm6dsox_reg.o [1]
lsm6dsox_pin_int1_route_set
                         0x800'2783  0x2d4  Code  Gb  lsm6dsox_reg.o [1]
lsm6dsox_pin_int2_route_get
                         0x800'2ae5   0x8e  Code  Gb  lsm6dsox_reg.o [1]
lsm6dsox_read_lps22hh_cx
                         0x800'0c31   0xa0  Code  Lc  main.o [1]
lsm6dsox_read_reg        0x800'2005   0x1e  Code  Gb  lsm6dsox_reg.o [1]
lsm6dsox_reset_get       0x800'26f5   0x1e  Code  Gb  lsm6dsox_reg.o [1]
lsm6dsox_reset_set       0x800'26bf   0x36  Code  Gb  lsm6dsox_reg.o [1]
lsm6dsox_sh_batch_slave_0_set
                         0x800'2e5f   0x52  Code  Gb  lsm6dsox_reg.o [1]
lsm6dsox_sh_cfg_write    0x800'3129   0x72  Code  Gb  lsm6dsox_reg.o [1]
lsm6dsox_sh_data_rate_set
                         0x800'30d3   0x56  Code  Gb  lsm6dsox_reg.o [1]
lsm6dsox_sh_master_set   0x800'3081   0x52  Code  Gb  lsm6dsox_reg.o [1]
lsm6dsox_sh_read_data_raw_get
                         0x800'2ffb   0x34  Code  Gb  lsm6dsox_reg.o [1]
lsm6dsox_sh_slave_connected_set
                         0x800'302f   0x52  Code  Gb  lsm6dsox_reg.o [1]
lsm6dsox_sh_slv0_cfg_read
                         0x800'319b   0x96  Code  Gb  lsm6dsox_reg.o [1]
lsm6dsox_sh_status_get   0x800'3231   0x34  Code  Gb  lsm6dsox_reg.o [1]
lsm6dsox_write_lps22hh_cx
                         0x800'0b99   0x96  Code  Lc  main.o [1]
lsm6dsox_write_reg       0x800'2023   0x1e  Code  Gb  lsm6dsox_reg.o [1]
lsm6dsox_xl_data_rate_set
                         0x800'208f  0x298  Code  Gb  lsm6dsox_reg.o [1]
lsm6dsox_xl_flag_data_ready_get
                         0x800'262b   0x1e  Code  Gb  lsm6dsox_reg.o [1]
lsm6dsox_xl_full_scale_set
                         0x800'2059   0x36  Code  Gb  lsm6dsox_reg.o [1]
main                     0x800'13c9  0x21e  Code  Gb  main.o [1]
memchr                   0x800'62c5         Code  Gb  memchr.o [4]
platform_read            0x800'0d05   0x32  Code  Lc  main.o [1]
platform_write           0x800'0cd1   0x32  Code  Lc  main.o [1]
read_it_my_boy           0x800'06c5  0x3aa  Code  Gb  main.o [1]
read_it_my_boy::watermark
                         0x800'7100    0x4  Data  Lc  main.o [1]
scalbln                  0x800'63ed         Code  Gb  ldexp.o [3]
scalblnl                 0x800'63ed         Code  Gb  ldexp.o [3]
scalbn                   0x800'63ed         Code  Gb  ldexp.o [3]
scalbnl                  0x800'63ed         Code  Gb  ldexp.o [3]
scale                    0x800'5ced   0x46  Code  Lc  xprintffull.o [2]
sec_hand                0x2000'03c8    0x4  Data  Lc  xfail_s.o [2]
set_index                0x800'0195   0x28  Code  Gb  main.o [1]
set_label                0x800'1089   0x64  Code  Gb  main.o [1]
snprintf                 0x800'1771   0x44  Code  Gb  snprintf.o [2]
split_node               0x800'10ed  0x1e6  Code  Gb  main.o [1]
sqrt                     0x800'333d         Code  Gb  sqrt.o [3]
sqrtl                    0x800'333d         Code  Gb  sqrt.o [3]
square                   0x800'0e71    0x6  Code  Lc  main.o [1]
strchr                   0x800'626d         Code  Gb  strchr.o [4]
strlen                   0x800'17b5         Code  Gb  strlen.o [4]
tolower                  0x800'470b   0x14  Code  Gb  tolower.o [2]
unset_index              0x800'01bd   0x2a  Code  Gb  main.o [1]
user_currentTimeGetTick
                         0x800'16ad    0x8  Code  Gb  main.o [1]
uwTick                  0x2000'03c0    0x4  Data  Gb  stm32f4xx_hal.o [1]
uwTickFreq              0x2000'008d    0x1  Data  Gb  stm32f4xx_hal.o [1]
uwTickPrio              0x2000'0004    0x4  Data  Gb  stm32f4xx_hal.o [1]


[1] = C:\IKS0LAB_SensorHub-modified\IKS0LAB_SensorHub\EWARM\IKS0LAB_SensorHub\Obj
[2] = dl7M_tlf.a
[3] = m7M_tls.a
[4] = rt7M_tl.a
[5] = shb_l.a

  28'359 bytes of readonly  code memory
     878 bytes of readonly  data memory
   3'531 bytes of readwrite data memory

Errors: none
Warnings: none
