###############################################################################
#
# IAR ELF Linker V8.40.2.214/W32 for ARM                  12/Jan/2020  09:58:56
# Copyright 2007-2019 IAR Systems AB.
#
#    Output file  =
#        C:\IKS0LAB_SensorHub-modified\IKS0LAB_SensorHub\EWARM\IKS0LAB_SensorHub\Exe\IKS0LAB_SensorHub.out
#    Map file     =
#        C:\IKS0LAB_SensorHub-modified\IKS0LAB_SensorHub\EWARM\IKS0LAB_SensorHub\List\IKS0LAB_SensorHub.map
#    Command line =
#        -f C:\Users\pacalkla\AppData\Local\Temp\EW1F0F.tmp
#        (C:\IKS0LAB_SensorHub-modified\IKS0LAB_SensorHub\EWARM\IKS0LAB_SensorHub\Obj\com.o
#        C:\IKS0LAB_SensorHub-modified\IKS0LAB_SensorHub\EWARM\IKS0LAB_SensorHub\Obj\gpio.o
#        C:\IKS0LAB_SensorHub-modified\IKS0LAB_SensorHub\EWARM\IKS0LAB_SensorHub\Obj\i2c.o
#        C:\IKS0LAB_SensorHub-modified\IKS0LAB_SensorHub\EWARM\IKS0LAB_SensorHub\Obj\lps22hh.o
#        C:\IKS0LAB_SensorHub-modified\IKS0LAB_SensorHub\EWARM\IKS0LAB_SensorHub\Obj\lps22hh_reg.o
#        C:\IKS0LAB_SensorHub-modified\IKS0LAB_SensorHub\EWARM\IKS0LAB_SensorHub\Obj\lsm6dsox.o
#        C:\IKS0LAB_SensorHub-modified\IKS0LAB_SensorHub\EWARM\IKS0LAB_SensorHub\Obj\lsm6dsox_reg.o
#        C:\IKS0LAB_SensorHub-modified\IKS0LAB_SensorHub\EWARM\IKS0LAB_SensorHub\Obj\main.o
#        C:\IKS0LAB_SensorHub-modified\IKS0LAB_SensorHub\EWARM\IKS0LAB_SensorHub\Obj\startup_stm32f401xe.o
#        C:\IKS0LAB_SensorHub-modified\IKS0LAB_SensorHub\EWARM\IKS0LAB_SensorHub\Obj\stm32f4xx_hal.o
#        C:\IKS0LAB_SensorHub-modified\IKS0LAB_SensorHub\EWARM\IKS0LAB_SensorHub\Obj\stm32f4xx_hal_cortex.o
#        C:\IKS0LAB_SensorHub-modified\IKS0LAB_SensorHub\EWARM\IKS0LAB_SensorHub\Obj\stm32f4xx_hal_dma.o
#        C:\IKS0LAB_SensorHub-modified\IKS0LAB_SensorHub\EWARM\IKS0LAB_SensorHub\Obj\stm32f4xx_hal_dma_ex.o
#        C:\IKS0LAB_SensorHub-modified\IKS0LAB_SensorHub\EWARM\IKS0LAB_SensorHub\Obj\stm32f4xx_hal_exti.o
#        C:\IKS0LAB_SensorHub-modified\IKS0LAB_SensorHub\EWARM\IKS0LAB_SensorHub\Obj\stm32f4xx_hal_flash.o
#        C:\IKS0LAB_SensorHub-modified\IKS0LAB_SensorHub\EWARM\IKS0LAB_SensorHub\Obj\stm32f4xx_hal_flash_ex.o
#        C:\IKS0LAB_SensorHub-modified\IKS0LAB_SensorHub\EWARM\IKS0LAB_SensorHub\Obj\stm32f4xx_hal_flash_ramfunc.o
#        C:\IKS0LAB_SensorHub-modified\IKS0LAB_SensorHub\EWARM\IKS0LAB_SensorHub\Obj\stm32f4xx_hal_gpio.o
#        C:\IKS0LAB_SensorHub-modified\IKS0LAB_SensorHub\EWARM\IKS0LAB_SensorHub\Obj\stm32f4xx_hal_i2c.o
#        C:\IKS0LAB_SensorHub-modified\IKS0LAB_SensorHub\EWARM\IKS0LAB_SensorHub\Obj\stm32f4xx_hal_i2c_ex.o
#        C:\IKS0LAB_SensorHub-modified\IKS0LAB_SensorHub\EWARM\IKS0LAB_SensorHub\Obj\stm32f4xx_hal_msp.o
#        C:\IKS0LAB_SensorHub-modified\IKS0LAB_SensorHub\EWARM\IKS0LAB_SensorHub\Obj\stm32f4xx_hal_pwr.o
#        C:\IKS0LAB_SensorHub-modified\IKS0LAB_SensorHub\EWARM\IKS0LAB_SensorHub\Obj\stm32f4xx_hal_pwr_ex.o
#        C:\IKS0LAB_SensorHub-modified\IKS0LAB_SensorHub\EWARM\IKS0LAB_SensorHub\Obj\stm32f4xx_hal_rcc.o
#        C:\IKS0LAB_SensorHub-modified\IKS0LAB_SensorHub\EWARM\IKS0LAB_SensorHub\Obj\stm32f4xx_hal_rcc_ex.o
#        C:\IKS0LAB_SensorHub-modified\IKS0LAB_SensorHub\EWARM\IKS0LAB_SensorHub\Obj\stm32f4xx_hal_tim.o
#        C:\IKS0LAB_SensorHub-modified\IKS0LAB_SensorHub\EWARM\IKS0LAB_SensorHub\Obj\stm32f4xx_hal_tim_ex.o
#        C:\IKS0LAB_SensorHub-modified\IKS0LAB_SensorHub\EWARM\IKS0LAB_SensorHub\Obj\stm32f4xx_hal_uart.o
#        C:\IKS0LAB_SensorHub-modified\IKS0LAB_SensorHub\EWARM\IKS0LAB_SensorHub\Obj\stm32f4xx_it.o
#        C:\IKS0LAB_SensorHub-modified\IKS0LAB_SensorHub\EWARM\IKS0LAB_SensorHub\Obj\sys.o
#        C:\IKS0LAB_SensorHub-modified\IKS0LAB_SensorHub\EWARM\IKS0LAB_SensorHub\Obj\system_stm32f4xx.o
#        C:\IKS0LAB_SensorHub-modified\IKS0LAB_SensorHub\EWARM\IKS0LAB_SensorHub\Obj\usart.o
#        --redirect _Printf=_PrintfFull --redirect _Scanf=_ScanfFull
#        --no_out_extension -o
#        C:\IKS0LAB_SensorHub-modified\IKS0LAB_SensorHub\EWARM\IKS0LAB_SensorHub\Exe\IKS0LAB_SensorHub.out
#        --map
#        C:\IKS0LAB_SensorHub-modified\IKS0LAB_SensorHub\EWARM\IKS0LAB_SensorHub\List\IKS0LAB_SensorHub.map
#        --config
#        C:\IKS0LAB_SensorHub-modified\IKS0LAB_SensorHub\EWARM/stm32f401xe_flash.icf
#        --semihosting --entry __iar_program_start --vfe --text_out locale)
#
###############################################################################

*******************************************************************************
*** RUNTIME MODEL ATTRIBUTES
***

CppFlavor       = *
__Heap_Handler  = Basic
__SystemLibrary = DLib
__dlib_version  = 6


*******************************************************************************
*** HEAP SELECTION
***

The basic heap was selected because some modules are built with
size limitations (and not runtime checking), and --advanced_heap
was not specified.


*******************************************************************************
*** PLACEMENT SUMMARY
***

"A0":  place at address 0x800'0000 { ro section .intvec };
"P1":  place in [from 0x800'0000 to 0x807'ffff] { ro };
define block CSTACK with size = 2K, alignment = 8 { };
define block HEAP with size = 512, alignment = 8 { };
"P2":  place in [from 0x2000'0000 to 0x2001'7fff] {
          rw, block CSTACK, block HEAP };
initialize by copy { rw };

  Section            Kind         Address    Size  Object
  -------            ----         -------    ----  ------
"A0":                                       0x194
  .intvec            ro code   0x800'0000   0x194  startup_stm32f401xe.o [1]
                             - 0x800'0194   0x194

"P1":                                      0x71ce
  .text              ro code   0x800'0194  0x1728  main.o [1]
  .text              ro code   0x800'18bc    0x44  snprintf.o [2]
  .text              ro code   0x800'1900    0x36  strlen.o [4]
  .text              ro code   0x800'1936    0x3a  zero_init3.o [4]
  .text              ro code   0x800'1970   0x5a0  stm32f4xx_hal_uart.o [1]
  .text              ro code   0x800'1f10   0x138  heap0.o [2]
  .text              ro code   0x800'2048    0xf6  lps22hh_reg.o [1]
  .text              ro code   0x800'213e    0x1e  xencoding_8859_1.o [2]
  .text              ro code   0x800'215c  0x1260  lsm6dsox_reg.o [1]
  .text              ro code   0x800'33bc    0x66  ABImemset.o [4]
  .text              ro code   0x800'3422    0x1a  xsnprout.o [2]
  .text              ro code   0x800'343c    0x48  FltToDbl.o [3]
  .text              ro code   0x800'3484   0x102  sqrt.o [3]
  .rodata            const     0x800'3586     0x2  xlocale_c.o [2]
  .text              ro code   0x800'3588    0x68  DblToFlt.o [3]
  .text              ro code   0x800'35f0    0x24  stm32f4xx_hal_pwr.o [1]
  .text              ro code   0x800'3614   0x25c  stm32f4xx_hal_gpio.o [1]
  .text              ro code   0x800'3870    0x34  stm32f4xx_hal.o [1]
  .text              ro code   0x800'38a4    0xd0  com.o [1]
  .text              ro code   0x800'3974   0x16c  gpio.o [1]
  .text              ro code   0x800'3ae0    0xfc  i2c.o [1]
  .text              ro code   0x800'3bdc    0xb4  usart.o [1]
  .text              ro code   0x800'3c90    0x28  stm32f4xx_hal.o [1]
  .text              ro code   0x800'3cb8   0xb22  stm32f4xx_hal_i2c.o [1]
  .rodata            const     0x800'47da     0x2  xlocale_c.o [2]
  .text              ro code   0x800'47dc    0xa6  ABImemcpy.o [4]
  .text              ro code   0x800'4882     0x4  heaptramp0.o [2]
  .text              ro code   0x800'4886    0x14  tolower.o [2]
  .rodata            const     0x800'489a     0x1  xlocale_c.o [2]
  .text              ro code   0x800'489c   0x380  stm32f4xx_hal_rcc.o [1]
  .text              ro code   0x800'4c1c   0x224  stm32f4xx_hal_rcc.o [1]
  .text              ro code   0x800'4e40     0xc  stm32f4xx_hal.o [1]
  .text              ro code   0x800'4e4c  0x10c6  xprintffull.o [2]
  .text              ro code   0x800'5f14    0x2c  xgetmemchunk.o [2]
  .text              ro code   0x800'5f40   0x158  stm32f4xx_hal_cortex.o [1]
  .text              ro code   0x800'6098    0x4c  stm32f4xx_hal.o [1]
  .text              ro code   0x800'60e4    0x40  stm32f4xx_hal_msp.o [1]
  .text              ro code   0x800'6124    0x94  xlocale_c.o [2]
  .text              ro code   0x800'61b8   0x230  I64DivMod.o [4]
  .text              ro code   0x800'63e8    0x16  strchr.o [4]
  .text              ro code   0x800'6400    0x40  xfail_s.o [2]
  .text              ro code   0x800'6440    0x58  memchr.o [4]
  .text              ro code   0x800'6498    0x70  frexp.o [3]
  .text              ro code   0x800'6508    0x2e  DblCmpLe.o [3]
  .text              ro code   0x800'6538    0x2e  DblCmpGe.o [3]
  .text              ro code   0x800'6568   0x13a  ldexp.o [3]
  .text              ro code   0x800'66a4    0x3a  DblToS32.o [3]
  .text              ro code   0x800'66e0    0x22  S32ToDbl.o [3]
  .text              ro code   0x800'6704    0xe2  DblSub.o [3]
  .text              ro code   0x800'67e8   0x246  DblDiv.o [3]
  .text              ro code   0x800'6a30    0x28  DblToU32.o [3]
  .text              ro code   0x800'6a58    0x1a  U32ToDbl.o [3]
  .text              ro code   0x800'6a74   0x1a2  DblMul.o [3]
  .text              ro code   0x800'6c16     0xa  xmbcurmax.o [2]
  .text              ro code   0x800'6c20     0x2  I64DivZer.o [4]
  .text              ro code   0x800'6c22     0x6  abort.o [2]
  .text              ro code   0x800'6c28   0x16a  DblAdd.o [3]
  .text              ro code   0x800'6d94    0x14  exit.o [5]
  .rodata            const     0x800'6da8    0x90  main.o [1]
  .text              ro code   0x800'6e38    0x78  lz77_init_single.o [4]
  .text              ro code   0x800'6eb0    0x60  system_stm32f4xx.o [1]
  .rodata            const     0x800'6f10    0x34  main.o [1]
  .rodata            const     0x800'6f44    0x2c  main.o [1]
  .rodata            const     0x800'6f70    0x2c  main.o [1]
  .text              ro code   0x800'6f9c    0x2c  stm32f4xx_it.o [1]
  .text              ro code   0x800'6fc8    0x18  stm32f4xx_hal.o [1]
  .rodata            const     0x800'6fe0    0x28  main.o [1]
  .text              ro code   0x800'7008    0x28  data_init.o [4]
  .text              ro code   0x800'7030    0x22  fpinit_M.o [3]
  .iar.init_table    const     0x800'7054    0x20  - Linker created -
  .rodata            const     0x800'7074    0x20  main.o [1]
  .text              ro code   0x800'7094    0x1e  cmain.o [4]
  .text              ro code   0x800'70b2     0x4  low_level_init.o [2]
  .text              ro code   0x800'70b6     0x4  exit.o [2]
  .text              ro code   0x800'70bc     0xa  cexit.o [4]
  .rodata            const     0x800'70c8    0x1c  main.o [1]
  .rodata            const     0x800'70e4    0x1c  main.o [1]
  .rodata            const     0x800'7100    0x1c  main.o [1]
  .rodata            const     0x800'711c    0x18  main.o [1]
  .rodata            const     0x800'7134    0x18  main.o [1]
  .rodata            const     0x800'714c    0x14  main.o [1]
  .rodata            const     0x800'7160    0x10  system_stm32f4xx.o [1]
  .text              ro code   0x800'7170    0x10  startup_stm32f401xe.o [1]
  .rodata            const     0x800'7180     0xc  main.o [1]
  .rodata            const     0x800'718c     0xc  main.o [1]
  .rodata            const     0x800'7198     0xc  main.o [1]
  .rodata            const     0x800'71a4     0xc  main.o [1]
  .rodata            const     0x800'71b0     0xc  main.o [1]
  .rodata            const     0x800'71bc     0xc  main.o [1]
  .text              ro code   0x800'71c8     0xc  cstartup_M.o [4]
  .rodata            const     0x800'71d4     0x8  main.o [1]
  .rodata            const     0x800'71dc     0x8  main.o [1]
  .rodata            const     0x800'71e4     0x8  main.o [1]
  .rodata            const     0x800'71ec     0x8  main.o [1]
  .rodata            const     0x800'71f4     0x8  main.o [1]
  .rodata            const     0x800'71fc     0x8  main.o [1]
  .rodata            const     0x800'7204     0x8  main.o [1]
  .rodata            const     0x800'720c     0x8  main.o [1]
  .rodata            const     0x800'7214     0x8  system_stm32f4xx.o [1]
  .rodata            const     0x800'721c     0x4  com.o [1]
  .rodata            const     0x800'7220     0x4  main.o [1]
  .text              ro code   0x800'7224     0x4  startup_stm32f401xe.o [1]
  .text              ro code   0x800'7228     0x4  startup_stm32f401xe.o [1]
  .text              ro code   0x800'722c     0x4  startup_stm32f401xe.o [1]
  .text              ro code   0x800'7230     0x4  startup_stm32f401xe.o [1]
  .text              ro code   0x800'7234     0x4  startup_stm32f401xe.o [1]
  .text              ro code   0x800'7238     0x4  startup_stm32f401xe.o [1]
  .text              ro code   0x800'723c     0x4  startup_stm32f401xe.o [1]
  .text              ro code   0x800'7240     0x4  startup_stm32f401xe.o [1]
  .text              ro code   0x800'7244     0x4  startup_stm32f401xe.o [1]
  .text              ro code   0x800'7248     0x4  startup_stm32f401xe.o [1]
  .text              ro code   0x800'724c     0x4  startup_stm32f401xe.o [1]
  .text              ro code   0x800'7250     0x4  startup_stm32f401xe.o [1]
  .text              ro code   0x800'7254     0x4  startup_stm32f401xe.o [1]
  .text              ro code   0x800'7258     0x4  startup_stm32f401xe.o [1]
  .text              ro code   0x800'725c     0x4  startup_stm32f401xe.o [1]
  .text              ro code   0x800'7260     0x4  startup_stm32f401xe.o [1]
  .text              ro code   0x800'7264     0x4  startup_stm32f401xe.o [1]
  .text              ro code   0x800'7268     0x4  startup_stm32f401xe.o [1]
  .text              ro code   0x800'726c     0x4  startup_stm32f401xe.o [1]
  .text              ro code   0x800'7270     0x4  startup_stm32f401xe.o [1]
  .text              ro code   0x800'7274     0x4  startup_stm32f401xe.o [1]
  .text              ro code   0x800'7278     0x4  startup_stm32f401xe.o [1]
  .text              ro code   0x800'727c     0x4  startup_stm32f401xe.o [1]
  .text              ro code   0x800'7280     0x4  startup_stm32f401xe.o [1]
  .text              ro code   0x800'7284     0x4  startup_stm32f401xe.o [1]
  .text              ro code   0x800'7288     0x4  startup_stm32f401xe.o [1]
  .text              ro code   0x800'728c     0x4  startup_stm32f401xe.o [1]
  .text              ro code   0x800'7290     0x4  startup_stm32f401xe.o [1]
  .text              ro code   0x800'7294     0x4  startup_stm32f401xe.o [1]
  .text              ro code   0x800'7298     0x4  startup_stm32f401xe.o [1]
  .text              ro code   0x800'729c     0x4  startup_stm32f401xe.o [1]
  .text              ro code   0x800'72a0     0x4  startup_stm32f401xe.o [1]
  .text              ro code   0x800'72a4     0x4  startup_stm32f401xe.o [1]
  .text              ro code   0x800'72a8     0x4  startup_stm32f401xe.o [1]
  .text              ro code   0x800'72ac     0x4  startup_stm32f401xe.o [1]
  .text              ro code   0x800'72b0     0x4  startup_stm32f401xe.o [1]
  .text              ro code   0x800'72b4     0x4  startup_stm32f401xe.o [1]
  .text              ro code   0x800'72b8     0x4  startup_stm32f401xe.o [1]
  .text              ro code   0x800'72bc     0x4  startup_stm32f401xe.o [1]
  .text              ro code   0x800'72c0     0x4  startup_stm32f401xe.o [1]
  .text              ro code   0x800'72c4     0x4  startup_stm32f401xe.o [1]
  .text              ro code   0x800'72c8     0x4  startup_stm32f401xe.o [1]
  .text              ro code   0x800'72cc     0x4  startup_stm32f401xe.o [1]
  .text              ro code   0x800'72d0     0x4  startup_stm32f401xe.o [1]
  .text              ro code   0x800'72d4     0x4  startup_stm32f401xe.o [1]
  .text              ro code   0x800'72d8     0x4  startup_stm32f401xe.o [1]
  .text              ro code   0x800'72dc     0x4  startup_stm32f401xe.o [1]
  .text              ro code   0x800'72e0     0x4  startup_stm32f401xe.o [1]
  .text              ro code   0x800'72e4     0x4  startup_stm32f401xe.o [1]
  .text              ro code   0x800'72e8     0x4  startup_stm32f401xe.o [1]
  .text              ro code   0x800'72ec     0x4  startup_stm32f401xe.o [1]
  .text              ro code   0x800'72f0     0x4  startup_stm32f401xe.o [1]
  .text              ro code   0x800'72f4     0x4  startup_stm32f401xe.o [1]
  .text              ro code   0x800'72f8     0x4  startup_stm32f401xe.o [1]
  .text              ro code   0x800'72fc     0x4  startup_stm32f401xe.o [1]
  .text              ro code   0x800'7300     0x4  startup_stm32f401xe.o [1]
  .text              ro code   0x800'7304     0x4  startup_stm32f401xe.o [1]
  .text              ro code   0x800'7308     0x4  startup_stm32f401xe.o [1]
  .text              ro code   0x800'730c     0x4  startup_stm32f401xe.o [1]
  .rodata            const     0x800'7310     0x0  zero_init3.o [4]
  .rodata            const     0x800'7310     0x0  lz77_init_single.o [4]
  Initializer bytes  const     0x800'7310    0x52  <for P2-1>
                             - 0x800'7362  0x71ce

"P2", part 1 of 3:                           0x9e
  P2-1                        0x2000'0000    0x9e  <Init block>
    .data            inited   0x2000'0000     0x4  main.o [1]
    .data            inited   0x2000'0004    0x10  main.o [1]
    .data            inited   0x2000'0014     0x4  stm32f4xx_hal.o [1]
    .data            inited   0x2000'0018     0x4  system_stm32f4xx.o [1]
    .data            inited   0x2000'001c    0x38  xlocale_c.o [2]
    .data            inited   0x2000'0054    0x48  xlocale_c.o [2]
    .data            inited   0x2000'009c     0x1  i2c.o [1]
    .data            inited   0x2000'009d     0x1  stm32f4xx_hal.o [1]
                            - 0x2000'009e    0x9e

"P2", part 2 of 3:                          0x340
  .bss               zero     0x2000'00a0   0x100  com.o [1]
  .bss               zero     0x2000'01a0   0x100  main.o [1]
  .bss               zero     0x2000'02a0    0x54  i2c.o [1]
  .bss               zero     0x2000'02f4    0x40  com.o [1]
  .bss               zero     0x2000'0334    0x40  main.o [1]
  .bss               zero     0x2000'0374    0x40  usart.o [1]
  .bss               zero     0x2000'03b4     0xc  main.o [1]
  .bss               zero     0x2000'03c0     0x8  heap0.o [2]
  .bss               zero     0x2000'03c8     0x4  main.o [1]
  .bss               zero     0x2000'03cc     0x4  main.o [1]
  .bss               zero     0x2000'03d0     0x4  stm32f4xx_hal.o [1]
  .bss               zero     0x2000'03d4     0x4  xgetmemchunk.o [2]
  .bss               zero     0x2000'03d8     0x4  xfail_s.o [2]
  .bss               zero     0x2000'03dc     0x1  main.o [1]
                            - 0x2000'03dd   0x33d

"P2", part 3 of 3:                          0xa00
  CSTACK                      0x2000'03e0   0x800  <Block>
    CSTACK           uninit   0x2000'03e0   0x800  <Block tail>
  HEAP                        0x2000'0be0   0x200  <Block>
    HEAP             uninit   0x2000'0be0   0x200  <Block tail>
                            - 0x2000'0de0   0xa00

Unused ranges:

         From           To      Size
         ----           --      ----
   0x800'7362   0x807'ffff  0x7'8c9e
  0x2000'009e  0x2000'009f       0x2
  0x2000'0de0  0x2001'7fff  0x1'7220


*******************************************************************************
*** INIT TABLE
***

          Address      Size
          -------      ----
Zero (__iar_zero_init3)
    1 destination range, total size 0x33d:
          0x2000'00a0  0x33d

Copy/lz77 (__iar_lz77_init_single3)
    1 source range, total size 0x52 (51% of destination):
           0x800'7310   0x52
    1 destination range, total size 0x9e:
          0x2000'0000   0x9e



*******************************************************************************
*** MODULE SUMMARY
***

    Module                  ro code  ro data  rw data
    ------                  -------  -------  -------
command line/config:
    -------------------------------------------------
    Total:

C:\IKS0LAB_SensorHub-modified\IKS0LAB_SensorHub\EWARM\IKS0LAB_SensorHub\Obj: [1]
    com.o                       208        4      320
    gpio.o                      364
    i2c.o                       252        1       85
    lps22hh_reg.o               246
    lsm6dsox_reg.o            4'704
    main.o                    5'928      658      361
    startup_stm32f401xe.o       656
    stm32f4xx_hal.o             204        3        9
    stm32f4xx_hal_cortex.o      344
    stm32f4xx_hal_gpio.o        604
    stm32f4xx_hal_i2c.o       2'850
    stm32f4xx_hal_msp.o          64
    stm32f4xx_hal_pwr.o          36
    stm32f4xx_hal_rcc.o       1'444
    stm32f4xx_hal_uart.o      1'440
    stm32f4xx_it.o               44
    system_stm32f4xx.o           96       26        4
    usart.o                     180                64
    -------------------------------------------------
    Total:                   19'664      692      843

dl7M_tlf.a: [2]
    abort.o                       6
    exit.o                        4
    heap0.o                     312                 8
    heaptramp0.o                  4
    low_level_init.o              4
    snprintf.o                   68
    tolower.o                    20
    xencoding_8859_1.o           30
    xfail_s.o                    64                 4
    xgetmemchunk.o               44                 4
    xlocale_c.o                 148       71      128
    xmbcurmax.o                  10
    xprintffull.o             4'294
    xsnprout.o                   26
    -------------------------------------------------
    Total:                    5'034       71      144

m7M_tls.a: [3]
    DblAdd.o                    362
    DblCmpGe.o                   46
    DblCmpLe.o                   46
    DblDiv.o                    582
    DblMul.o                    418
    DblSub.o                    226
    DblToFlt.o                  104
    DblToS32.o                   58
    DblToU32.o                   40
    FltToDbl.o                   72
    S32ToDbl.o                   34
    U32ToDbl.o                   26
    fpinit_M.o                   34
    frexp.o                     112
    ldexp.o                     314
    sqrt.o                      258
    -------------------------------------------------
    Total:                    2'732

rt7M_tl.a: [4]
    ABImemcpy.o                 166
    ABImemset.o                 102
    I64DivMod.o                 560
    I64DivZer.o                   2
    cexit.o                      10
    cmain.o                      30
    cstartup_M.o                 12
    data_init.o                  40
    lz77_init_single.o          120
    memchr.o                     88
    strchr.o                     22
    strlen.o                     54
    zero_init3.o                 58
    -------------------------------------------------
    Total:                    1'264

shb_l.a: [5]
    exit.o                       20
    -------------------------------------------------
    Total:                       20

    Gaps                         25        4
    Linker created                        32    2'560
-----------------------------------------------------
    Grand Total:             28'739      799    3'547


*******************************************************************************
*** ENTRY LIST
***

Entry                       Address   Size  Type      Object
-----                       -------   ----  ----      ------
.iar.init_table$$Base    0x800'7054          --   Gb  - Linker created -
.iar.init_table$$Limit   0x800'7074          --   Gb  - Linker created -
?main                    0x800'7095         Code  Gb  cmain.o [4]
AHBPrescTable            0x800'7160   0x10  Data  Gb  system_stm32f4xx.o [1]
APBPrescTable            0x800'7214    0x8  Data  Gb  system_stm32f4xx.o [1]
Aldata                  0x2000'03c0    0x8  Data  Lc  heap0.o [2]
BSP_COM_Init             0x800'0a63   0x44  Code  Gb  main.o [1]
COM_USART               0x2000'0000    0x4  Data  Gb  main.o [1]
CSTACK$$Base            0x2000'03e0          --   Gb  - Linker created -
CSTACK$$Limit           0x2000'0be0          --   Gb  - Linker created -
CacheMore                0x800'6141   0x28  Code  Lc  xlocale_c.o [2]
EXTI0_IRQHandler         0x800'6fa9    0xa  Code  Gb  stm32f4xx_it.o [1]
EXTI15_10_IRQHandler     0x800'6fbd    0xc  Code  Gb  stm32f4xx_it.o [1]
EXTI9_5_IRQHandler       0x800'6fb3    0xa  Code  Gb  stm32f4xx_it.o [1]
Error_Handler            0x800'0211   0x2e  Code  Gb  main.o [1]
HAL_Delay                0x800'3c91   0x28  Code  Wk  stm32f4xx_hal.o [1]
HAL_GPIO_EXTI_Callback   0x800'1801   0x5c  Code  Gb  main.o [1]
HAL_GPIO_EXTI_IRQHandler
                         0x800'381f   0x20  Code  Gb  stm32f4xx_hal_gpio.o [1]
HAL_GPIO_Init            0x800'3615  0x1f0  Code  Gb  stm32f4xx_hal_gpio.o [1]
HAL_GPIO_WritePin        0x800'3805   0x1a  Code  Gb  stm32f4xx_hal_gpio.o [1]
HAL_GetTick              0x800'4e41    0xc  Code  Wk  stm32f4xx_hal.o [1]
HAL_I2C_Init             0x800'3cb9  0x1ba  Code  Gb  stm32f4xx_hal_i2c.o [1]
HAL_I2C_Mem_Read         0x800'3ffd  0x300  Code  Gb  stm32f4xx_hal_i2c.o [1]
HAL_I2C_Mem_Write        0x800'3e8d  0x16e  Code  Gb  stm32f4xx_hal_i2c.o [1]
HAL_I2C_MspInit          0x800'3b19   0x6c  Code  Gb  i2c.o [1]
HAL_IncTick              0x800'6fc9   0x18  Code  Wk  stm32f4xx_hal.o [1]
HAL_Init                 0x800'3871   0x30  Code  Gb  stm32f4xx_hal.o [1]
HAL_InitTick             0x800'6099   0x4c  Code  Wk  stm32f4xx_hal.o [1]
HAL_MspInit              0x800'60e5   0x40  Code  Gb  stm32f4xx_hal_msp.o [1]
HAL_NVIC_EnableIRQ       0x800'605f    0xe  Code  Gb  stm32f4xx_hal_cortex.o [1]
HAL_NVIC_SetPriority     0x800'6035   0x2a  Code  Gb  stm32f4xx_hal_cortex.o [1]
HAL_NVIC_SetPriorityGrouping
                         0x800'6029    0xc  Code  Gb  stm32f4xx_hal_cortex.o [1]
HAL_PWR_EnterSLEEPMode   0x800'35f1   0x1e  Code  Gb  stm32f4xx_hal_pwr.o [1]
HAL_RCC_ClockConfig      0x800'4c1d  0x13e  Code  Gb  stm32f4xx_hal_rcc.o [1]
HAL_RCC_GetHCLKFreq      0x800'4d5b    0x6  Code  Gb  stm32f4xx_hal_rcc.o [1]
HAL_RCC_GetPCLK1Freq     0x800'4d61   0x16  Code  Gb  stm32f4xx_hal_rcc.o [1]
HAL_RCC_GetPCLK2Freq     0x800'4d77   0x16  Code  Gb  stm32f4xx_hal_rcc.o [1]
HAL_RCC_OscConfig        0x800'489d  0x380  Code  Wk  stm32f4xx_hal_rcc.o [1]
HAL_SYSTICK_Config       0x800'606d    0xc  Code  Gb  stm32f4xx_hal_cortex.o [1]
HAL_UART_Init            0x800'1971   0x76  Code  Gb  stm32f4xx_hal_uart.o [1]
HAL_UART_MspInit         0x800'3c11   0x6a  Code  Gb  usart.o [1]
HAL_UART_Receive         0x800'1ac7   0xea  Code  Gb  stm32f4xx_hal_uart.o [1]
HAL_UART_Transmit        0x800'19e7   0xe0  Code  Gb  stm32f4xx_hal_uart.o [1]
HEAP$$Base              0x2000'0be0          --   Gb  - Linker created -
HEAP$$Limit             0x2000'0de0          --   Gb  - Linker created -
I2C_IsAcknowledgeFailed
                         0x800'47a3   0x38  Code  Lc  stm32f4xx_hal_i2c.o [1]
I2C_RequestMemoryRead    0x800'43e5  0x154  Code  Lc  stm32f4xx_hal_i2c.o [1]
I2C_RequestMemoryWrite   0x800'4309   0xdc  Code  Lc  stm32f4xx_hal_i2c.o [1]
I2C_WaitOnBTFFlagUntilTimeout
                         0x800'46d9   0x58  Code  Lc  stm32f4xx_hal_i2c.o [1]
I2C_WaitOnFlagUntilTimeout
                         0x800'453d   0x8a  Code  Lc  stm32f4xx_hal_i2c.o [1]
I2C_WaitOnMasterAddressFlagUntilTimeout
                         0x800'45c7   0xba  Code  Lc  stm32f4xx_hal_i2c.o [1]
I2C_WaitOnRXNEFlagUntilTimeout
                         0x800'4731   0x72  Code  Lc  stm32f4xx_hal_i2c.o [1]
I2C_WaitOnTXEFlagUntilTimeout
                         0x800'4681   0x58  Code  Lc  stm32f4xx_hal_i2c.o [1]
I2C_read                 0x800'3b85   0x3a  Code  Gb  i2c.o [1]
Int_Current_Time1       0x2000'03c8    0x4  Data  Gb  main.o [1]
Int_Current_Time2       0x2000'03cc    0x4  Data  Gb  main.o [1]
J48_output_maker         0x800'11e9  0x12e  Code  Gb  main.o [1]
MX_GPIO_Init             0x800'3975  0x16c  Code  Gb  gpio.o [1]
MX_I2C1_Init             0x800'3ae1   0x38  Code  Gb  i2c.o [1]
MX_TIM_ALGO_Init         0x800'0a05    0x2  Code  Lc  main.o [1]
MX_USART2_UART_Init      0x800'3bdd   0x34  Code  Gb  usart.o [1]
NVIC_EncodePriority      0x800'5fb9   0x40  Code  Lc  stm32f4xx_hal_cortex.o [1]
PendSV_Handler           0x800'6f9f    0x2  Code  Gb  stm32f4xx_it.o [1]
Region$$Table$$Base      0x800'7054          --   Gb  - Linker created -
Region$$Table$$Limit     0x800'7074          --   Gb  - Linker created -
SVC_Handler              0x800'6f9d    0x2  Code  Gb  stm32f4xx_it.o [1]
Sleep_Mode               0x800'09bb   0x4a  Code  Lc  main.o [1]
SysTick_Config           0x800'5ff9   0x30  Code  Lc  stm32f4xx_hal_cortex.o [1]
SysTick_Handler          0x800'6fa1    0x8  Code  Gb  stm32f4xx_it.o [1]
SystemClock_Config       0x800'1741   0xae  Code  Gb  main.o [1]
SystemCoreClock         0x2000'0018    0x4  Data  Gb  system_stm32f4xx.o [1]
SystemInit               0x800'6eb1   0x40  Code  Gb  system_stm32f4xx.o [1]
UART_RxBuffer           0x2000'00a0  0x100  Data  Gb  com.o [1]
UART_SetConfig           0x800'1c1f  0x2e2  Code  Lc  stm32f4xx_hal_uart.o [1]
UART_WaitOnFlagUntilTimeout
                         0x800'1bb1   0x6e  Code  Lc  stm32f4xx_hal_uart.o [1]
USART2_MspInit           0x800'0a07   0x5c  Code  Lc  main.o [1]
USARTConfig              0x800'38a5   0xd0  Code  Gb  com.o [1]
UartHandle              0x2000'02f4   0x40  Data  Gb  com.o [1]
Usart_BaudRate           0x800'721c    0x4  Data  Gb  com.o [1]
_Encoding_8859_1_Mbrlen
                         0x800'2151    0x2  Code  Gb  xencoding_8859_1.o [2]
_Encoding_8859_1_Wctomb
                         0x800'213f   0x12  Code  Gb  xencoding_8859_1.o [2]
_LitobFull               0x800'5d5f  0x10a  Code  Lc  xprintffull.o [2]
_LocaleC_isupper         0x800'6125    0x2  Code  Gb  xlocale_c.o [2]
_LocaleC_tolower         0x800'6131    0xc  Code  Gb  xlocale_c.o [2]
_Locale_lconv           0x2000'001c   0x38  Data  Lc  xlocale_c.o [2]
_PrintfFull              0x800'4e4d  0xcc4  Code  Gb  xprintffull.o [2]
_PutcharsFull            0x800'5ed1   0x2e  Code  Lc  xprintffull.o [2]
_PutstrFull              0x800'5c9f   0xc0  Code  Lc  xprintffull.o [2]
_PuttxtFull              0x800'5b93  0x10c  Code  Lc  xprintffull.o [2]
_SNProut                 0x800'3423   0x1a  Code  Gb  xsnprout.o [2]
__NVIC_EnableIRQ         0x800'5f6f   0x1e  Code  Lc  stm32f4xx_hal_cortex.o [1]
__NVIC_GetPriorityGrouping
                         0x800'5f63    0xc  Code  Lc  stm32f4xx_hal_cortex.o [1]
__NVIC_SetPriority       0x800'5f8d   0x2c  Code  Lc  stm32f4xx_hal_cortex.o [1]
__NVIC_SetPriorityGrouping
                         0x800'5f41   0x22  Code  Lc  stm32f4xx_hal_cortex.o [1]
__aeabi_cdcmple          0x800'6509         Code  Gb  DblCmpLe.o [3]
__aeabi_cdrcmple         0x800'6539         Code  Gb  DblCmpGe.o [3]
__aeabi_d2f              0x800'3589         Code  Gb  DblToFlt.o [3]
__aeabi_d2iz             0x800'66a5         Code  Gb  DblToS32.o [3]
__aeabi_d2uiz            0x800'6a31         Code  Gb  DblToU32.o [3]
__aeabi_ddiv             0x800'67e9         Code  Gb  DblDiv.o [3]
__aeabi_dmul             0x800'6a75         Code  Gb  DblMul.o [3]
__aeabi_dsub             0x800'6705         Code  Gb  DblSub.o [3]
__aeabi_f2d              0x800'343d         Code  Gb  FltToDbl.o [3]
__aeabi_i2d              0x800'66e1         Code  Gb  S32ToDbl.o [3]
__aeabi_ldiv0            0x800'6c21         Code  Gb  I64DivZer.o [4]
__aeabi_memcpy           0x800'47dd         Code  Gb  ABImemcpy.o [4]
__aeabi_memcpy4          0x800'47fd         Code  Gb  ABImemcpy.o [4]
__aeabi_memcpy8          0x800'47fd         Code  Gb  ABImemcpy.o [4]
__aeabi_memset           0x800'33bd         Code  Gb  ABImemset.o [4]
__aeabi_ui2d             0x800'6a59         Code  Gb  U32ToDbl.o [3]
__aeabi_uldivmod         0x800'61b9         Code  Gb  I64DivMod.o [4]
__basic_free             0x800'1fbb   0x16  Code  Gb  heap0.o [2]
__basic_free_intern      0x800'1fd1   0x74  Code  Lc  heap0.o [2]
__basic_malloc           0x800'1f11   0x18  Code  Gb  heap0.o [2]
__basic_malloc_intern    0x800'1f29   0x92  Code  Lc  heap0.o [2]
__cmain                  0x800'7095         Code  Gb  cmain.o [4]
__data_GetMemChunk       0x800'5f15   0x2c  Code  Gb  xgetmemchunk.o [2]
__data_GetMemChunk::start
                        0x2000'03d4    0x4  Data  Lc  xgetmemchunk.o [2]
__exit                   0x800'6d95   0x14  Code  Gb  exit.o [5]
__iar_Fail_s             0x800'6401   0x1c  Code  Gb  xfail_s.o [2]
__iar_Mbcurmax           0x800'6c17    0xa  Code  Gb  xmbcurmax.o [2]
__iar_Memchr             0x800'6441         Code  Gb  memchr.o [4]
__iar_Memset             0x800'33bd         Code  Gb  ABImemset.o [4]
__iar_Memset_word        0x800'33c5         Code  Gb  ABImemset.o [4]
__iar_Strchr             0x800'63e9         Code  Gb  strchr.o [4]
__iar_dadd               0x800'6715         Code  Gb  DblSub.o [3]
__iar_data_init3         0x800'7009   0x28  Code  Gb  data_init.o [4]
__iar_dsub               0x800'6c29         Code  Gb  DblAdd.o [3]
__iar_dsubStart          0x800'6c3b         Code  Gb  DblAdd.o [3]
__iar_frexp              0x800'64a5         Code  Gb  frexp.o [3]
__iar_frexpl             0x800'64a5         Code  Gb  frexp.o [3]
__iar_globLocale        0x2000'0054   0x48  Data  Lc  xlocale_c.o [2]
__iar_global_Locale      0x800'613d    0x4  Code  Gb  xlocale_c.o [2]
__iar_init_vfp           0x800'7031         Code  Gb  fpinit_M.o [3]
__iar_ldexp64            0x800'6569         Code  Gb  ldexp.o [3]
__iar_lz77_init_single3
                         0x800'6e39   0x78  Code  Gb  lz77_init_single.o [4]
__iar_program_start      0x800'71c9         Code  Gb  cstartup_M.o [4]
__iar_scalbln64          0x800'6569         Code  Gb  ldexp.o [3]
__iar_scalbn64           0x800'6569         Code  Gb  ldexp.o [3]
__iar_softfp___iar_frexp64
                         0x800'6499         Code  Gb  frexp.o [3]
__iar_softfp_frexp       0x800'6499         Code  Gb  frexp.o [3]
__iar_softfp_frexpl      0x800'6499         Code  Gb  frexp.o [3]
__iar_sqrt64             0x800'3495         Code  Gb  sqrt.o [3]
__iar_vfp___iar_sqrt64   0x800'3485         Code  Gb  sqrt.o [3]
__iar_vfp_sqrt           0x800'3485         Code  Gb  sqrt.o [3]
__iar_vfp_sqrtl          0x800'3485         Code  Gb  sqrt.o [3]
__iar_zero_init3         0x800'1937   0x3a  Code  Gb  zero_init3.o [4]
__low_level_init         0x800'70b3    0x4  Code  Gb  low_level_init.o [2]
__vector_table           0x800'0000         Data  Gb  startup_stm32f401xe.o [1]
_call_main               0x800'70a1         Code  Gb  cmain.o [4]
_exit                    0x800'70bd         Code  Gb  cexit.o [4]
_gLocale_mblen           0x800'61a5    0x4  Code  Gb  xlocale_c.o [2]
_gLocale_mblenInt        0x800'6169   0x2c  Code  Gb  xlocale_c.o [2]
_gLocale_wctomb          0x800'61a9    0x4  Code  Gb  xlocale_c.o [2]
_gLocale_wctombInt       0x800'61a1    0x4  Code  Gb  xlocale_c.o [2]
_main                    0x800'70af         Code  Gb  cmain.o [4]
abort                    0x800'6c23    0x6  Code  Gb  abort.o [2]
ag_ctx                  0x2000'03b4    0xc  Data  Lc  main.o [1]
button_pressed          0x2000'03dc    0x1  Data  Lc  main.o [1]
calculate_split_points   0x800'0d21   0xac  Code  Gb  main.o [1]
class_it_my_boy          0x800'02c9   0xb0  Code  Gb  main.o [1]
compute_gini             0x800'0df9  0x12e  Code  Gb  main.o [1]
compute_mean             0x800'0435   0xf6  Code  Gb  main.o [1]
compute_std              0x800'052b  0x19a  Code  Gb  main.o [1]
dataOut                 0x2000'01a0  0x100  Data  Lc  main.o [1]
dec_tree_generator       0x800'11a1   0x48  Code  Gb  main.o [1]
dev_address             0x2000'009c    0x1  Data  Lc  i2c.o [1]
dim2text                0x2000'0004   0x10  Data  Gb  main.o [1]
dim_data                 0x800'0dcd   0x24  Code  Gb  main.o [1]
exit                     0x800'70b7    0x4  Code  Gb  exit.o [2]
free                     0x800'4883    0x4  Code  Gb  heaptramp0.o [2]
getUserInput             0x800'0379   0xb8  Code  Gb  main.o [1]
get_split_point          0x800'0ccd   0x48  Code  Gb  main.o [1]
hcom_uart               0x2000'0334   0x40  Data  Gb  main.o [1]
hi2c1                   0x2000'02a0   0x54  Data  Gb  i2c.o [1]
huart2                  0x2000'0374   0x40  Data  Gb  usart.o [1]
init                     0x800'0aa7   0x86  Code  Gb  main.o [1]
is_used                  0x800'01e7   0x2a  Code  Gb  main.o [1]
ldexp                    0x800'6569         Code  Gb  ldexp.o [3]
ldexpl                   0x800'6569         Code  Gb  ldexp.o [3]
localeconv               0x800'61ad    0x4  Code  Gb  xlocale_c.o [2]
lps22hh_data_rate_set    0x800'20a9   0x82  Code  Gb  lps22hh_reg.o [1]
lps22hh_device_id_get    0x800'212b   0x14  Code  Gb  lps22hh_reg.o [1]
lps22hh_from_lsb_to_hpa
                         0x800'2085   0x1a  Code  Gb  lps22hh_reg.o [1]
lps22hh_read_reg         0x800'2049   0x1e  Code  Gb  lps22hh_reg.o [1]
lps22hh_write_reg        0x800'2067   0x1e  Code  Gb  lps22hh_reg.o [1]
lsm6dsox_acceleration_raw_get
                         0x800'27a1   0x14  Code  Gb  lsm6dsox_reg.o [1]
lsm6dsox_block_data_update_set
                         0x800'274d   0x36  Code  Gb  lsm6dsox_reg.o [1]
lsm6dsox_device_id_get   0x800'2803   0x14  Code  Gb  lsm6dsox_reg.o [1]
lsm6dsox_fifo_data_level_get
                         0x800'2e63   0x40  Code  Gb  lsm6dsox_reg.o [1]
lsm6dsox_fifo_gy_batch_set
                         0x800'2df3   0x3a  Code  Gb  lsm6dsox_reg.o [1]
lsm6dsox_fifo_mode_set   0x800'2e2d   0x36  Code  Gb  lsm6dsox_reg.o [1]
lsm6dsox_fifo_out_raw_get
                         0x800'27b5   0x14  Code  Gb  lsm6dsox_reg.o [1]
lsm6dsox_fifo_sensor_tag_get
                         0x800'2ec1   0xf6  Code  Gb  lsm6dsox_reg.o [1]
lsm6dsox_fifo_watermark_set
                         0x800'2d67   0x56  Code  Gb  lsm6dsox_reg.o [1]
lsm6dsox_fifo_wtm_flag_get
                         0x800'2ea3   0x1e  Code  Gb  lsm6dsox_reg.o [1]
lsm6dsox_fifo_xl_batch_set
                         0x800'2dbd   0x36  Code  Gb  lsm6dsox_reg.o [1]
lsm6dsox_from_fs2_to_mg
                         0x800'2199   0x14  Code  Gb  lsm6dsox_reg.o [1]
lsm6dsox_fsm_data_rate_get
                         0x800'303d   0x6c  Code  Gb  lsm6dsox_reg.o [1]
lsm6dsox_fsm_enable_get
                         0x800'3009   0x34  Code  Gb  lsm6dsox_reg.o [1]
lsm6dsox_gy_data_rate_set
                         0x800'24b5  0x298  Code  Gb  lsm6dsox_reg.o [1]
lsm6dsox_gy_full_scale_set
                         0x800'247f   0x36  Code  Gb  lsm6dsox_reg.o [1]
lsm6dsox_hub_fifo_lps22hh
                         0x800'023f   0x8a  Code  Gb  main.o [1]
lsm6dsox_i3c_disable_set
                         0x800'286b   0x70  Code  Gb  lsm6dsox_reg.o [1]
lsm6dsox_int_notification_set
                         0x800'2ccb   0x9c  Code  Gb  lsm6dsox_reg.o [1]
lsm6dsox_mem_bank_set    0x800'27c9   0x3a  Code  Gb  lsm6dsox_reg.o [1]
lsm6dsox_mlc_data_rate_get
                         0x800'30e7   0x6c  Code  Gb  lsm6dsox_reg.o [1]
lsm6dsox_mlc_get         0x800'30a9   0x3e  Code  Gb  lsm6dsox_reg.o [1]
lsm6dsox_pin_int1_route_get
                         0x800'2baf   0x8e  Code  Gb  lsm6dsox_reg.o [1]
lsm6dsox_pin_int1_route_set
                         0x800'28db  0x2d4  Code  Gb  lsm6dsox_reg.o [1]
lsm6dsox_pin_int2_route_get
                         0x800'2c3d   0x8e  Code  Gb  lsm6dsox_reg.o [1]
lsm6dsox_read_lps22hh_cx
                         0x800'0bc5   0xa0  Code  Lc  main.o [1]
lsm6dsox_read_reg        0x800'215d   0x1e  Code  Gb  lsm6dsox_reg.o [1]
lsm6dsox_reset_get       0x800'284d   0x1e  Code  Gb  lsm6dsox_reg.o [1]
lsm6dsox_reset_set       0x800'2817   0x36  Code  Gb  lsm6dsox_reg.o [1]
lsm6dsox_sh_batch_slave_0_set
                         0x800'2fb7   0x52  Code  Gb  lsm6dsox_reg.o [1]
lsm6dsox_sh_cfg_write    0x800'3281   0x72  Code  Gb  lsm6dsox_reg.o [1]
lsm6dsox_sh_data_rate_set
                         0x800'322b   0x56  Code  Gb  lsm6dsox_reg.o [1]
lsm6dsox_sh_master_set   0x800'31d9   0x52  Code  Gb  lsm6dsox_reg.o [1]
lsm6dsox_sh_read_data_raw_get
                         0x800'3153   0x34  Code  Gb  lsm6dsox_reg.o [1]
lsm6dsox_sh_slave_connected_set
                         0x800'3187   0x52  Code  Gb  lsm6dsox_reg.o [1]
lsm6dsox_sh_slv0_cfg_read
                         0x800'32f3   0x96  Code  Gb  lsm6dsox_reg.o [1]
lsm6dsox_sh_status_get   0x800'3389   0x34  Code  Gb  lsm6dsox_reg.o [1]
lsm6dsox_write_lps22hh_cx
                         0x800'0b2d   0x96  Code  Lc  main.o [1]
lsm6dsox_write_reg       0x800'217b   0x1e  Code  Gb  lsm6dsox_reg.o [1]
lsm6dsox_xl_data_rate_set
                         0x800'21e7  0x298  Code  Gb  lsm6dsox_reg.o [1]
lsm6dsox_xl_flag_data_ready_get
                         0x800'2783   0x1e  Code  Gb  lsm6dsox_reg.o [1]
lsm6dsox_xl_full_scale_set
                         0x800'21b1   0x36  Code  Gb  lsm6dsox_reg.o [1]
main                     0x800'150d  0x226  Code  Gb  main.o [1]
memchr                   0x800'6441         Code  Gb  memchr.o [4]
platform_read            0x800'0c99   0x32  Code  Lc  main.o [1]
platform_write           0x800'0c65   0x32  Code  Lc  main.o [1]
print_node_WEKA_J48      0x800'1321  0x1d0  Code  Gb  main.o [1]
read_it_my_boy           0x800'06c5  0x2f6  Code  Gb  main.o [1]
read_it_my_boy::watermark
                         0x800'7220    0x4  Data  Lc  main.o [1]
scalbln                  0x800'6569         Code  Gb  ldexp.o [3]
scalblnl                 0x800'6569         Code  Gb  ldexp.o [3]
scalbn                   0x800'6569         Code  Gb  ldexp.o [3]
scalbnl                  0x800'6569         Code  Gb  ldexp.o [3]
scale                    0x800'5e69   0x46  Code  Lc  xprintffull.o [2]
sec_hand                0x2000'03d8    0x4  Data  Lc  xfail_s.o [2]
set_index                0x800'0195   0x28  Code  Gb  main.o [1]
set_label                0x800'0f49   0x6c  Code  Gb  main.o [1]
snprintf                 0x800'18bd   0x44  Code  Gb  snprintf.o [2]
split_node               0x800'0fb5  0x1e6  Code  Gb  main.o [1]
sqrt                     0x800'3495         Code  Gb  sqrt.o [3]
sqrtl                    0x800'3495         Code  Gb  sqrt.o [3]
square                   0x800'0df1    0x6  Code  Lc  main.o [1]
strchr                   0x800'63e9         Code  Gb  strchr.o [4]
strlen                   0x800'1901         Code  Gb  strlen.o [4]
tolower                  0x800'4887   0x14  Code  Gb  tolower.o [2]
unset_index              0x800'01bd   0x2a  Code  Gb  main.o [1]
user_currentTimeGetTick
                         0x800'17f9    0x8  Code  Gb  main.o [1]
uwTick                  0x2000'03d0    0x4  Data  Gb  stm32f4xx_hal.o [1]
uwTickFreq              0x2000'009d    0x1  Data  Gb  stm32f4xx_hal.o [1]
uwTickPrio              0x2000'0014    0x4  Data  Gb  stm32f4xx_hal.o [1]


[1] = C:\IKS0LAB_SensorHub-modified\IKS0LAB_SensorHub\EWARM\IKS0LAB_SensorHub\Obj
[2] = dl7M_tlf.a
[3] = m7M_tls.a
[4] = rt7M_tl.a
[5] = shb_l.a

  28'739 bytes of readonly  code memory
     799 bytes of readonly  data memory
   3'547 bytes of readwrite data memory

Errors: none
Warnings: none
